[    0.000000] Linux version 4.15.0-175-generic (buildd@lcy02-amd64-034) (gcc version 7.5.0 (Ubuntu 7.5.0-3ubuntu1~18.04)) #184-Ubuntu SMP Thu Mar 24 17:48:36 UTC 2022 (Ubuntu 4.15.0-175.184-generic 4.15.18)
[    0.000000] Command line: BOOT_IMAGE=/boot/vmlinuz-4.15.0-175-generic root=UUID=f3f5e288-43e3-4799-851d-c2d1f4b7ec64 ro console=tty1 console=ttyS0
[    0.000000] KERNEL supported cpus:
[    0.000000]   Intel GenuineIntel
[    0.000000]   AMD AuthenticAMD
[    0.000000]   Centaur CentaurHauls
[    0.000000] x86/fpu: Supporting XSAVE feature 0x001: 'x87 floating point registers'
[    0.000000] x86/fpu: Supporting XSAVE feature 0x002: 'SSE registers'
[    0.000000] x86/fpu: Supporting XSAVE feature 0x004: 'AVX registers'
[    0.000000] x86/fpu: xstate_offset[2]:  576, xstate_sizes[2]:  256
[    0.000000] x86/fpu: Enabled xstate features 0x7, context size is 832 bytes, using 'standard' format.
[    0.000000] e820: BIOS-provided physical RAM map:
[    0.000000] BIOS-e820: [mem 0x0000000000000000-0x000000000009fbff] usable
[    0.000000] BIOS-e820: [mem 0x000000000009fc00-0x000000000009ffff] reserved
[    0.000000] BIOS-e820: [mem 0x00000000000f0000-0x00000000000fffff] reserved
[    0.000000] BIOS-e820: [mem 0x0000000000100000-0x00000000c17effff] usable
[    0.000000] BIOS-e820: [mem 0x00000000c17f0000-0x00000000c17fffff] ACPI data
[    0.000000] BIOS-e820: [mem 0x00000000fec00000-0x00000000fec00fff] reserved
[    0.000000] BIOS-e820: [mem 0x00000000fee00000-0x00000000fee00fff] reserved
[    0.000000] BIOS-e820: [mem 0x00000000fffc0000-0x00000000ffffffff] reserved
[    0.000000] NX (Execute Disable) protection: active
[    0.000000] SMBIOS 2.5 present.
[    0.000000] DMI: innotek GmbH VirtualBox/VirtualBox, BIOS VirtualBox 12/01/2006
[    0.000000] Hypervisor detected: KVM
[    0.000000] e820: last_pfn = 0xc17f0 max_arch_pfn = 0x400000000
[    0.000000] MTRR: Disabled
[    0.000000] x86/PAT: MTRRs disabled, skipping PAT initialization too.
[    0.000000] CPU MTRRs all blank - virtualized system.
[    0.000000] x86/PAT: Configuration [0-7]: WB  WT  UC- UC  WB  WT  UC- UC  
[    0.000000] found SMP MP-table at [mem 0x0009fff0-0x0009ffff]
[    0.000000] Scanning 1 areas for low memory corruption
[    0.000000] RAMDISK: [mem 0x3581b000-0x36c04fff]
[    0.000000] ACPI: Early table checksum verification disabled
[    0.000000] ACPI: RSDP 0x00000000000E0000 000024 (v02 VBOX  )
[    0.000000] ACPI: XSDT 0x00000000C17F0030 00003C (v01 VBOX   VBOXXSDT 00000001 ASL  00000061)
[    0.000000] ACPI: FACP 0x00000000C17F00F0 0000F4 (v04 VBOX   VBOXFACP 00000001 ASL  00000061)
[    0.000000] ACPI: DSDT 0x00000000C17F0480 0022EA (v02 VBOX   VBOXBIOS 00000002 INTL 20100528)
[    0.000000] ACPI: FACS 0x00000000C17F0200 000040
[    0.000000] ACPI: FACS 0x00000000C17F0200 000040
[    0.000000] ACPI: APIC 0x00000000C17F0240 00006C (v02 VBOX   VBOXAPIC 00000001 ASL  00000061)
[    0.000000] ACPI: SSDT 0x00000000C17F02B0 0001CC (v01 VBOX   VBOXCPUT 00000002 INTL 20100528)
[    0.000000] ACPI: Reserving FACP table memory at [mem 0xc17f00f0-0xc17f01e3]
[    0.000000] ACPI: Reserving DSDT table memory at [mem 0xc17f0480-0xc17f2769]
[    0.000000] ACPI: Reserving FACS table memory at [mem 0xc17f0200-0xc17f023f]
[    0.000000] ACPI: Reserving FACS table memory at [mem 0xc17f0200-0xc17f023f]
[    0.000000] ACPI: Reserving APIC table memory at [mem 0xc17f0240-0xc17f02ab]
[    0.000000] ACPI: Reserving SSDT table memory at [mem 0xc17f02b0-0xc17f047b]
[    0.000000] No NUMA configuration found
[    0.000000] Faking a node at [mem 0x0000000000000000-0x00000000c17effff]
[    0.000000] NODE_DATA(0) allocated [mem 0xc17c5000-0xc17effff]
[    0.000000] kvm-clock: cpu 0, msr 0:c1744001, primary cpu clock
[    0.000000] kvm-clock: Using msrs 4b564d01 and 4b564d00
[    0.000000] kvm-clock: using sched offset of 3421434008 cycles
[    0.000000] clocksource: kvm-clock: mask: 0xffffffffffffffff max_cycles: 0x1cd42e4dffb, max_idle_ns: 881590591483 ns
[    0.000000] Zone ranges:
[    0.000000]   DMA      [mem 0x0000000000001000-0x0000000000ffffff]
[    0.000000]   DMA32    [mem 0x0000000001000000-0x00000000c17effff]
[    0.000000]   Normal   empty
[    0.000000]   Device   empty
[    0.000000] Movable zone start for each node
[    0.000000] Early memory node ranges
[    0.000000]   node   0: [mem 0x0000000000001000-0x000000000009efff]
[    0.000000]   node   0: [mem 0x0000000000100000-0x00000000c17effff]
[    0.000000] Reserved but unavailable: 104 pages
[    0.000000] Initmem setup node 0 [mem 0x0000000000001000-0x00000000c17effff]
[    0.000000] ACPI: PM-Timer IO Port: 0x4008
[    0.000000] IOAPIC[0]: apic_id 4, version 32, address 0xfec00000, GSI 0-23
[    0.000000] ACPI: INT_SRC_OVR (bus 0 bus_irq 0 global_irq 2 dfl dfl)
[    0.000000] ACPI: INT_SRC_OVR (bus 0 bus_irq 9 global_irq 9 low level)
[    0.000000] Using ACPI (MADT) for SMP configuration information
[    0.000000] smpboot: Allowing 4 CPUs, 0 hotplug CPUs
[    0.000000] PM: Registered nosave memory: [mem 0x00000000-0x00000fff]
[    0.000000] PM: Registered nosave memory: [mem 0x0009f000-0x0009ffff]
[    0.000000] PM: Registered nosave memory: [mem 0x000a0000-0x000effff]
[    0.000000] PM: Registered nosave memory: [mem 0x000f0000-0x000fffff]
[    0.000000] e820: [mem 0xc1800000-0xfebfffff] available for PCI devices
[    0.000000] Booting paravirtualized kernel on KVM
[    0.000000] clocksource: refined-jiffies: mask: 0xffffffff max_cycles: 0xffffffff, max_idle_ns: 7645519600211568 ns
[    0.000000] random: get_random_bytes called from start_kernel+0x99/0x500 with crng_init=0
[    0.000000] setup_percpu: NR_CPUS:8192 nr_cpumask_bits:4 nr_cpu_ids:4 nr_node_ids:1
[    0.000000] percpu: Embedded 50 pages/cpu s167936 r8192 d28672 u524288
[    0.000000] PV qspinlock hash table entries: 256 (order: 0, 4096 bytes)
[    0.000000] Built 1 zonelists, mobility grouping on.  Total pages: 780057
[    0.000000] Policy zone: DMA32
[    0.000000] Kernel command line: BOOT_IMAGE=/boot/vmlinuz-4.15.0-175-generic root=UUID=f3f5e288-43e3-4799-851d-c2d1f4b7ec64 ro console=tty1 console=ttyS0
[    0.000000] Memory: 3068296K/3169848K available (12300K kernel code, 2484K rwdata, 4324K rodata, 2468K init, 2724K bss, 101552K reserved, 0K cma-reserved)
[    0.000000] SLUB: HWalign=64, Order=0-3, MinObjects=0, CPUs=4, Nodes=1
[    0.000000] Kernel/User page tables isolation: enabled
[    0.000000] ftrace: allocating 39503 entries in 155 pages
[    0.004000] Hierarchical RCU implementation.
[    0.004000] 	RCU restricting CPUs from NR_CPUS=8192 to nr_cpu_ids=4.
[    0.004000] 	Tasks RCU enabled.
[    0.004000] RCU: Adjusting geometry for rcu_fanout_leaf=16, nr_cpu_ids=4
[    0.004000] NR_IRQS: 524544, nr_irqs: 456, preallocated irqs: 16
[    0.004000] Console: colour VGA+ 80x25
[    0.004000] console [tty1] enabled
[    0.004000] console [ttyS0] enabled
[    0.004000] ACPI: Core revision 20170831
[    0.004000] ACPI: 2 ACPI AML tables successfully acquired and loaded
[    0.004000] APIC: Switch to symmetric I/O mode setup
[    0.004000] x2apic enabled
[    0.004000] Switched APIC routing to physical x2apic.
[    0.004000] ..TIMER: vector=0x30 apic1=0 pin1=2 apic2=-1 pin2=-1
[    0.004000] tsc: Detected 2419.198 MHz processor
[    0.004012] Calibrating delay loop (skipped) preset value.. 4838.39 BogoMIPS (lpj=9676792)
[    0.005396] pid_max: default: 32768 minimum: 301
[    0.006211] Security Framework initialized
[    0.006762] Yama: becoming mindful.
[    0.007217] AppArmor: AppArmor initialized
[    0.009247] Dentry cache hash table entries: 524288 (order: 10, 4194304 bytes)
[    0.011983] Inode-cache hash table entries: 262144 (order: 9, 2097152 bytes)
[    0.012022] Mount-cache hash table entries: 8192 (order: 4, 65536 bytes)
[    0.012827] Mountpoint-cache hash table entries: 8192 (order: 4, 65536 bytes)
[    0.013920] Last level iTLB entries: 4KB 0, 2MB 0, 4MB 0
[    0.014735] Last level dTLB entries: 4KB 0, 2MB 0, 4MB 0, 1GB 0
[    0.016004] Spectre V1 : Mitigation: usercopy/swapgs barriers and __user pointer sanitization
[    0.017291] Spectre V2 : Mitigation: Retpolines
[    0.017984] Spectre V2 : Spectre v2 / SpectreRSB mitigation: Filling RSB on context switch
[    0.019122] Speculative Store Bypass: Vulnerable
[    0.020029] MDS: Vulnerable: Clear CPU buffers attempted, no microcode
[    0.020960] Freeing SMP alternatives memory: 36K
[    0.131184] smpboot: CPU0: 11th Gen Intel(R) Core(TM) i5-1135G7 @ 2.40GHz (family: 0x6, model: 0x8c, stepping: 0x1)
[    0.132000] Performance Events: unsupported p6 CPU model 140 no PMU driver, software events only.
[    0.132046] Hierarchical SRCU implementation.
[    0.133296] NMI watchdog: Perf event create on CPU 0 failed with -2
[    0.134061] NMI watchdog: Perf NMI watchdog permanently disabled
[    0.134926] smp: Bringing up secondary CPUs ...
[    0.136892] x86: Booting SMP configuration:
[    0.137584] .... node  #0, CPUs:      #1
[    0.004000] kvm-clock: cpu 1, msr 0:c1744041, secondary cpu clock
[    0.140107]  #2
[    0.004000] kvm-clock: cpu 2, msr 0:c1744081, secondary cpu clock
[    0.144093]  #3
[    0.004000] kvm-clock: cpu 3, msr 0:c17440c1, secondary cpu clock
[    0.148027] smp: Brought up 1 node, 4 CPUs
[    0.148663] smpboot: Max logical packages: 1
[    0.149307] smpboot: Total of 4 processors activated (19353.58 BogoMIPS)
[    0.150221] devtmpfs: initialized
[    0.150221] x86/mm: Memory block size: 128MB
[    0.150221] evm: security.selinux
[    0.152008] evm: security.SMACK64
[    0.152579] evm: security.SMACK64EXEC
[    0.153169] evm: security.SMACK64TRANSMUTE
[    0.153781] evm: security.SMACK64MMAP
[    0.154284] evm: security.apparmor
[    0.154711] evm: security.ima
[    0.155084] evm: security.capability
[    0.156110] clocksource: jiffies: mask: 0xffffffff max_cycles: 0xffffffff, max_idle_ns: 7645041785100000 ns
[    0.158134] futex hash table entries: 1024 (order: 4, 65536 bytes)
[    0.159501] pinctrl core: initialized pinctrl subsystem
[    0.160167] RTC time: 12:09:50, date: 04/06/22
[    0.161297] NET: Registered protocol family 16
[    0.164075] audit: initializing netlink subsys (disabled)
[    0.164922] audit: type=2000 audit(1649246995.665:1): state=initialized audit_enabled=0 res=1
[    0.165627] cpuidle: using governor ladder
[    0.165627] cpuidle: using governor menu
[    0.168050] ACPI: bus type PCI registered
[    0.168580] acpiphp: ACPI Hot Plug PCI Controller Driver version: 0.5
[    0.170110] PCI: Using configuration type 1 for base access
[    0.172542] HugeTLB registered 2.00 MiB page size, pre-allocated 0 pages
[    0.172821] ACPI: Added _OSI(Module Device)
[    0.172821] ACPI: Added _OSI(Processor Device)
[    0.173339] ACPI: Added _OSI(3.0 _SCP Extensions)
[    0.173942] ACPI: Added _OSI(Processor Aggregator Device)
[    0.176020] ACPI: Added _OSI(Linux-Dell-Video)
[    0.176951] ACPI: Added _OSI(Linux-Lenovo-NV-HDMI-Audio)
[    0.178205] ACPI: Added _OSI(Linux-HPI-Hybrid-Graphics)
[    0.180913] ACPI: Executed 1 blocks of module-level executable AML code
[    0.187617] ACPI: Interpreter enabled
[    0.188019] ACPI: (supports S0 S5)
[    0.188754] ACPI: Using IOAPIC for interrupt routing
[    0.190004] PCI: Using host bridge windows from ACPI; if necessary, use "pci=nocrs" and report a bug
[    0.191531] ACPI: Enabled 2 GPEs in block 00 to 07
[    0.196510] ACPI: PCI Root Bridge [PCI0] (domain 0000 [bus 00-ff])
[    0.197492] acpi PNP0A03:00: _OSC: OS supports [ASPM ClockPM Segments MSI]
[    0.199058] acpi PNP0A03:00: _OSC: not requesting OS control; OS requires [ExtendedConfig ASPM ClockPM MSI]
[    0.200018] acpi PNP0A03:00: fail to add MMCONFIG information, can't access extended PCI configuration space under this bridge.
[    0.201925] PCI host bridge to bus 0000:00
[    0.202568] pci_bus 0000:00: root bus resource [io  0x0000-0x0cf7 window]
[    0.204002] pci_bus 0000:00: root bus resource [io  0x0d00-0xffff window]
[    0.204776] pci_bus 0000:00: root bus resource [mem 0x000a0000-0x000bffff window]
[    0.206198] pci_bus 0000:00: root bus resource [mem 0xc1800000-0xfdffffff window]
[    0.207106] pci_bus 0000:00: root bus resource [bus 00-ff]
[    0.209348] pci 0000:00:01.1: legacy IDE quirk: reg 0x10: [io  0x01f0-0x01f7]
[    0.210214] pci 0000:00:01.1: legacy IDE quirk: reg 0x14: [io  0x03f6]
[    0.210983] pci 0000:00:01.1: legacy IDE quirk: reg 0x18: [io  0x0170-0x0177]
[    0.212005] pci 0000:00:01.1: legacy IDE quirk: reg 0x1c: [io  0x0376]
[    0.245073] pci 0000:00:07.0: quirk: [io  0x4000-0x403f] claimed by PIIX4 ACPI
[    0.246653] pci 0000:00:07.0: quirk: [io  0x4100-0x410f] claimed by PIIX4 SMB
[    0.273523] ACPI: PCI Interrupt Link [LNKA] (IRQs 5 9 10 *11)
[    0.275000] ACPI: PCI Interrupt Link [LNKB] (IRQs 5 9 *10 11)
[    0.276119] ACPI: PCI Interrupt Link [LNKC] (IRQs 5 *9 10 11)
[    0.277558] ACPI: PCI Interrupt Link [LNKD] (IRQs 5 9 10 *11)
[    0.278812] SCSI subsystem initialized
[    0.280036] pci 0000:00:02.0: vgaarb: setting as boot VGA device
[    0.281185] pci 0000:00:02.0: vgaarb: VGA device added: decodes=io+mem,owns=io+mem,locks=none
[    0.282469] pci 0000:00:02.0: vgaarb: bridge control possible
[    0.283343] vgaarb: loaded
[    0.284028] ACPI: bus type USB registered
[    0.284680] usbcore: registered new interface driver usbfs
[    0.285525] usbcore: registered new interface driver hub
[    0.286347] usbcore: registered new device driver usb
[    0.287200] EDAC MC: Ver: 3.0.0
[    0.288185] PCI: Using ACPI for IRQ routing
[    0.289069] NetLabel: Initializing
[    0.289634] NetLabel:  domain hash size = 128
[    0.290337] NetLabel:  protocols = UNLABELED CIPSOv4 CALIPSO
[    0.291238] NetLabel:  unlabeled traffic allowed by default
[    0.292082] clocksource: Switched to clocksource kvm-clock
[    0.303515] VFS: Disk quotas dquot_6.6.0
[    0.304078] VFS: Dquot-cache hash table entries: 512 (order 0, 4096 bytes)
[    0.304994] AppArmor: AppArmor Filesystem Enabled
[    0.305613] pnp: PnP ACPI init
[    0.306695] pnp: PnP ACPI: found 3 devices
[    0.314665] clocksource: acpi_pm: mask: 0xffffff max_cycles: 0xffffff, max_idle_ns: 2085701024 ns
[    0.316002] NET: Registered protocol family 2
[    0.316579] IP idents hash table entries: 65536 (order: 7, 524288 bytes)
[    0.317671] TCP established hash table entries: 32768 (order: 6, 262144 bytes)
[    0.319298] TCP bind hash table entries: 32768 (order: 7, 524288 bytes)
[    0.320100] TCP: Hash tables configured (established 32768 bind 32768)
[    0.320943] UDP hash table entries: 2048 (order: 4, 65536 bytes)
[    0.321627] UDP-Lite hash table entries: 2048 (order: 4, 65536 bytes)
[    0.322365] NET: Registered protocol family 1
[    0.322931] pci 0000:00:00.0: Limiting direct PCI/PCI transfers
[    0.323617] pci 0000:00:01.0: Activating ISA DMA hang workarounds
[    0.324524] pci 0000:00:02.0: Video device with shadowed ROM at [mem 0x000c0000-0x000dffff]
[    0.325686] Unpacking initramfs...
[    0.575570] Freeing initrd memory: 20392K
[    0.576528] clocksource: tsc: mask: 0xffffffffffffffff max_cycles: 0x22df0f35937, max_idle_ns: 440795269039 ns
[    0.578075] platform rtc_cmos: registered platform RTC device (no PNP device found)
[    0.579225] Scanning for low memory corruption every 60 seconds
[    0.580492] Initialise system trusted keyrings
[    0.581142] Key type blacklist registered
[    0.581684] workingset: timestamp_bits=36 max_order=20 bucket_order=0
[    0.583073] zbud: loaded
[    0.584061] squashfs: version 4.0 (2009/01/31) Phillip Lougher
[    0.585299] fuse init (API version 7.26)
[    0.590100] Key type asymmetric registered
[    0.590724] Asymmetric key parser 'x509' registered
[    0.591316] Block layer SCSI generic (bsg) driver version 0.4 loaded (major 246)
[    0.592509] io scheduler noop registered
[    0.593121] io scheduler deadline registered
[    0.593857] io scheduler cfq registered (default)
[    0.594974] ACPI: AC Adapter [AC] (on-line)
[    0.595700] input: Power Button as /devices/LNXSYSTM:00/LNXPWRBN:00/input/input0
[    0.596951] ACPI: Power Button [PWRF]
[    0.597611] input: Sleep Button as /devices/LNXSYSTM:00/LNXSLPBN:00/input/input1
[    0.598807] ACPI: Sleep Button [SLPF]
[    0.600300] Serial: 8250/16550 driver, 32 ports, IRQ sharing enabled
[    0.600472] ACPI: Battery Slot [BAT0] (battery present)
[    0.622723] 00:02: ttyS0 at I/O 0x3f8 (irq = 4, base_baud = 115200) is a 16550A
[    0.626252] Linux agpgart interface v0.103
[    0.632900] loop: module loaded
[    0.634357] scsi host0: ata_piix
[    0.635015] scsi host1: ata_piix
[    0.635691] ata1: PATA max UDMA/33 cmd 0x1f0 ctl 0x3f6 bmdma 0xd000 irq 14
[    0.636719] ata2: PATA max UDMA/33 cmd 0x170 ctl 0x376 bmdma 0xd008 irq 15
[    0.637631] tun: Universal TUN/TAP device driver, 1.6
[    0.638548] PPP generic driver version 2.4.2
[    0.639938] ehci_hcd: USB 2.0 'Enhanced' Host Controller (EHCI) Driver
[    0.640956] ehci-pci: EHCI PCI platform driver
[    0.641622] ehci-platform: EHCI generic platform driver
[    0.642253] ohci_hcd: USB 1.1 'Open' Host Controller (OHCI) Driver
[    0.643152] ohci-pci: OHCI PCI platform driver
[    0.643700] ohci-platform: OHCI generic platform driver
[    0.644385] uhci_hcd: USB Universal Host Controller Interface driver
[    0.645153] i8042: PNP: PS/2 Controller [PNP0303:PS2K,PNP0f03:PS2M] at 0x60,0x64 irq 1,12
[    0.646606] serio: i8042 KBD port at 0x60,0x64 irq 1
[    0.647386] serio: i8042 AUX port at 0x60,0x64 irq 12
[    0.648239] mousedev: PS/2 mouse device common for all mice
[    0.649377] input: AT Translated Set 2 keyboard as /devices/platform/i8042/serio0/input/input2
[    0.650448] rtc_cmos rtc_cmos: rtc core: registered rtc_cmos as rtc0
[    0.651296] rtc_cmos rtc_cmos: alarms up to one day, 114 bytes nvram
[    0.652048] i2c /dev entries driver
[    0.652536] device-mapper: uevent: version 1.0.3
[    0.653157] device-mapper: ioctl: 4.37.0-ioctl (2017-09-20) initialised: dm-devel@redhat.com
[    0.654243] ledtrig-cpu: registered to indicate activity on CPUs
[    0.655334] NET: Registered protocol family 10
[    0.658832] Segment Routing with IPv6
[    0.659488] NET: Registered protocol family 17
[    0.660295] Key type dns_resolver registered
[    0.661009] mce: Using 0 MCE banks
[    0.661502] RAS: Correctable Errors collector initialized.
[    0.662127] sched_clock: Marking stable (660989887, 0)->(806877934, -145888047)
[    0.663451] registered taskstats version 1
[    0.663948] Loading compiled-in X.509 certificates
[    0.666287] Loaded X.509 cert 'Build time autogenerated kernel key: ea99b1e66d5186ff77dcfb46de385e3fbd0a569c'
[    0.667882] Loaded X.509 cert 'Canonical Ltd. Live Patch Signing: 14df34d1a87cf37625abec039ef2bf521249b969'
[    0.669673] Loaded X.509 cert 'Canonical Ltd. Kernel Module Signing: 88f752e560a1e0737e31163a466ad7b70a850c19'
[    0.671182] blacklist: Loading compiled-in revocation X.509 certificates
[    0.672210] Loaded X.509 cert 'Canonical Ltd. Secure Boot Signing: 61482aa2830d0ab2ad5af10b7250da9033ddcef0'
[    0.673404] zswap: loaded using pool lzo/zbud
[    0.676539] Key type big_key registered
[    0.677060] Key type trusted registered
[    0.678753] Key type encrypted registered
[    0.679272] AppArmor: AppArmor sha1 policy hashing enabled
[    0.679953] ima: No TPM chip found, activating TPM-bypass! (rc=-19)
[    0.680711] ima: Allocated hash algorithm: sha1
[    0.681369] evm: HMAC attrs: 0x1
[    0.681945]   Magic number: 2:326:177
[    0.682637] rtc_cmos rtc_cmos: setting system clock to 2022-04-06 12:09:51 UTC (1649246991)
[    0.683889] BIOS EDD facility v0.16 2004-Jun-25, 0 devices found
[    0.684994] EDD information not available.
[    0.800362] Freeing unused kernel image memory: 2468K
[    0.812476] Write protecting the kernel read-only data: 20480k
[    0.816376] Freeing unused kernel image memory: 2008K
[    0.818272] Freeing unused kernel image memory: 1820K
[    0.824428] x86/mm: Checked W+X mappings: passed, no W+X pages found.
[    0.826175] x86/mm: Checking user space page tables
[    0.831284] x86/mm: Checked W+X mappings: passed, no W+X pages found.
Loading, please wait...
starting version 237
[    0.875788] Fusion MPT base driver 3.04.20
[    0.876806] Copyright (c) 1999-2008 LSI Corporation
[    0.879021] e1000: Intel(R) PRO/1000 Network Driver - version 7.3.21-k8-NAPI
[    0.880565] e1000: Copyright (c) 1999-2006 Intel Corporation.
[    0.883834] Fusion MPT SPI Host driver 3.04.20
[    0.891516] AVX2 version of gcm_enc/dec engaged.
[    0.892641] AES CTR mode by8 optimization enabled
[    1.082993] input: ImExPS/2 Generic Explorer Mouse as /devices/platform/i8042/serio1/input/input4
[    1.256426] e1000 0000:00:03.0 eth0: (PCI:33MHz:32-bit) 02:8d:1f:db:13:bf
[    1.258101] e1000 0000:00:03.0 eth0: Intel(R) PRO/1000 Network Connection
[    1.934246] e1000 0000:00:08.0 eth1: (PCI:33MHz:32-bit) 08:00:27:17:3e:82
[    1.937107] e1000 0000:00:08.0 eth1: Intel(R) PRO/1000 Network Connection
[    1.942448] e1000 0000:00:08.0 enp0s8: renamed from eth1
[    1.945304] mptbase: ioc0: Initiating bringup
[    1.984921] e1000 0000:00:03.0 enp0s3: renamed from eth0
[    2.048657] ioc0: LSI53C1030 A0: Capabilities={Initiator}
[    2.509415] scsi host2: ioc0: LSI53C1030 A0, FwRev=00000000h, Ports=1, MaxQ=256, IRQ=20
[    2.956005] scsi 2:0:0:0: Direct-Access     VBOX     HARDDISK         1.0  PQ: 0 ANSI: 5
[    3.009181] scsi target2:0:0: Beginning Domain Validation
[    3.012408] scsi target2:0:0: Domain Validation skipping write tests
[    3.013409] scsi target2:0:0: Ending Domain Validation
[    3.014356] scsi target2:0:0: asynchronous
[    3.015422] scsi 2:0:1:0: Direct-Access     VBOX     HARDDISK         1.0  PQ: 0 ANSI: 5
[    3.146362] scsi target2:0:1: Beginning Domain Validation
[    3.148156] random: fast init done
[    3.148774] scsi target2:0:1: Domain Validation skipping write tests
[    3.150021] scsi target2:0:1: Ending Domain Validation
[    3.150735] scsi target2:0:1: asynchronous
[    3.154181] random: systemd-udevd: uninitialized urandom read (16 bytes read)
[    3.154295] sd 2:0:0:0: Attached scsi generic sg0 type 0
[    3.155225] random: systemd-udevd: uninitialized urandom read (16 bytes read)
[    3.156121] sd 2:0:1:0: Attached scsi generic sg1 type 0
[    3.156801] random: systemd-udevd: uninitialized urandom read (16 bytes read)
[    3.157555] sd 2:0:0:0: [sda] 209715200 512-byte logical blocks: (107 GB/100 GiB)
[    3.158644] sd 2:0:1:0: [sdb] 20480 512-byte logical blocks: (10.5 MB/10.0 MiB)
[    3.160669] sd 2:0:1:0: [sdb] Write Protect is off
[    3.160703] sd 2:0:0:0: [sda] Write Protect is off
[    3.162403] sd 2:0:1:0: [sdb] Incomplete mode parameter data
[    3.162408] sd 2:0:0:0: [sda] Incomplete mode parameter data
[    3.163214] sd 2:0:1:0: [sdb] Assuming drive cache: write through
[    3.163947] sd 2:0:0:0: [sda] Assuming drive cache: write through
[    3.166375]  sda: sda1
[    3.166998] sd 2:0:1:0: [sdb] Attached SCSI disk
[    3.167711] sd 2:0:0:0: [sda] Attached SCSI disk
Begin: Loading essential drivers ... [    4.572213] raid6: sse2x1   gen() 13433 MB/s
[    4.620013] raid6: sse2x1   xor()  8511 MB/s
[    4.668444] raid6: sse2x2   gen() 15698 MB/s
[    4.716328] raid6: sse2x2   xor()  9117 MB/s
[    4.764953] raid6: sse2x4   gen() 16072 MB/s
[    4.812774] raid6: sse2x4   xor() 12148 MB/s
[    4.860358] raid6: avx2x1   gen() 29300 MB/s
[    4.908234] raid6: avx2x1   xor() 14997 MB/s
[    4.956746] raid6: avx2x2   gen() 26694 MB/s
[    5.004485] raid6: avx2x2   xor() 21220 MB/s
[    5.052067] raid6: avx2x4   gen() 30962 MB/s
[    5.100623] raid6: avx2x4   xor() 20329 MB/s
[    5.101430] raid6: using algorithm avx2x4 gen() 30962 MB/s
[    5.102326] raid6: .... xor() 20329 MB/s, rmw enabled
[    5.103077] raid6: using avx2x2 recovery algorithm
[    5.105266] xor: automatically using best checksumming function   avx       
[    5.107511] async_tx: api initialized (async)
done.
Begin: Running /scripts/init-premount ... done.
Begin: Mounting root file system ... Begin: Running /scripts/local-top ... done.
Begin: Running /scripts/local-premount ... [    5.145038] Btrfs loaded, crc32c=crc32c-intel
Scanning for Btrfs filesystems
done.
Begin: Will now check root file system ... fsck from util-linux 2.31.1
[/sbin/fsck.ext4 (1) -- /dev/sda1] fsck.ext4 -a -C0 /dev/sda1 
cloudimg-rootfs: recovering journal
cloudimg-rootfs: Clearing orphaned inode 1551069 (uid=111, gid=116, mode=0100644, size=112833)
cloudimg-rootfs: clean, 170707/12800000 files, 1566347/26214139 blocks
done.
[    5.374937] EXT4-fs (sda1): mounted filesystem with ordered data mode. Opts: (null)
done.
Begin: Running /scripts/local-bottom ... done.
Begin: Running /scripts/init-bottom ... done.
[    5.553225] ip_tables: (C) 2000-2006 Netfilter Core Team
[    5.559740] systemd[1]: systemd 237 running in system mode. (+PAM +AUDIT +SELINUX +IMA +APPARMOR +SMACK +SYSVINIT +UTMP +LIBCRYPTSETUP +GCRYPT +GNUTLS +ACL +XZ +LZ4 +SECCOMP +BLKID +ELFUTILS +KMOD -IDN2 +IDN -PCRE2 default-hierarchy=hybrid)
[    5.562251] systemd[1]: Detected virtualization oracle.
[    5.562864] systemd[1]: Detected architecture x86-64.

Welcome to [1mUbuntu 18.04.6 LTS[0m!

[    5.570443] systemd[1]: Set hostname to <ELK1>.
[    5.878019] systemd[1]: Reached target Swap.
[[0;32m  OK  [0m] Reached target Swap.
[    5.879297] systemd[1]: Set up automount Arbitrary Executable File Formats File System Automount Point.
[[0;32m  OK  [0m] Set up automount Arbitrary Executabâ€¦rmats File System Automount Point.
[    5.881278] systemd[1]: Started Forward Password Requests to Wall Directory Watch.
[[0;32m  OK  [0m] Started Forward Password Requests to Wall Directory Watch.
[    5.885143] systemd[1]: Created slice User and Session Slice.
[[0;32m  OK  [0m] Created slice User and Session Slice.
[    5.886465] systemd[1]: Reached target System Time Synchronized.
[[0;32m  OK  [0m] Reached target System Time Synchronized.
[    5.887943] systemd[1]: Created slice System Slice.
[[0;32m  OK  [0m] Created slice System Slice.
[[0;32m  OK  [0m] Listening on /dev/initctl Compatibility Named Pipe.
[[0;32m  OK  [0m] Listening on fsck to fsckd communication Socket.
[[0;32m  OK  [0m] Reached target Slices.
[[0;32m  OK  [0m] Created slice system-serial\x2dgetty.slice.
[[0;32m  OK  [0m] Listening on Journal Socket (/dev/log).
[[0;32m  OK  [0m] Listening on Journal Audit Socket.
[[0;32m  OK  [0m] Listening on Journal Socket.
         Mounting POSIX Message Queue File System...
         Starting Load Kernel Modules...
         Mounting Huge Pages File System...
         Starting Set the console keyboard layout...
         Mounting Kernel Debug File System...
[[0;32m  OK  [0m] Listening on udev Kernel Socket.
[    5.914968] Loading iSCSI transport class v2.0-870.
         Starting Create list of required stâ€¦ce nodes for the current kernel...
[    5.921357] iscsi: registered transport (tcp)
[[0;32m  OK  [0m] Listening on LVM2 poll daemon socket.
[    5.938379] iscsi: registered transport (iser)
[[0;32m  OK  [0m] Listening on Syslog Socket.
         Starting Journal Service...
[[0;32m  OK  [0m] Listening on Device-mapper event daemon FIFOs.
[[0;32m  OK  [0m] Listening on Network Service Netlink Socket.
[[0;32m  OK  [0m] Listening on LVM2 metadata daemon socket.
         Starting Monitoring of LVM2 mirrorsâ€¦ng dmeventd or progress polling...
         Starting Uncomplicated firewall...
[[0;32m  OK  [0m] Listening on udev Control Socket.
         Starting udev Coldplug all Devices...
[[0;32m  OK  [0m] Reached target User and Group Name Lookups.
         Starting Remount Root and Kernel File Systems...
[[0;32m  OK  [0m] Mounted POSIX Message Queue File System.
[[0;32m  OK  [0m] Started Journal Service.
[[0;32m  OK  [0m] Started Load Kernel Modules.
[[0;32m  OK  [0m] Mounted Huge Pages File System.
[[0;32m  OK  [0m] Mounted Kernel Debug File System.
[[0;32m  OK  [0m] Started Create list of required staâ€¦vice nodes for the current kernel.
[[0;32m  OK  [0m] Started Uncomplicated firewall.
[[0;32m  OK  [0m] Started LVM2 metadata daemon.
         Starting Create Static Device Nodes in /dev...
         Mounting FUSE Control File System...
         Starting Apply Kernel Variables...
         Mounting Kernel Configuration File System...
[[0;32m  OK  [0m] Mounted FUSE Control File System.
[    6.042814] EXT4-fs (sda1): re-mounted. Opts: (null)
[[0;32m  OK  [0m] Mounted Kernel Configuration File System.
[[0;32m  OK  [0m] Started Remount Root and Kernel File Systems.
         Starting Load/Save Random Seed...
         Starting Flush Journal to Persistent Storage...
[[0;32m  OK  [0m] Started Set the console keyboard layout.
[[0;32m  OK  [0m] Started Monitoring of LVM2 mirrors,â€¦sing dmeventd or progress polling.
[[0;32m  OK  [0m] Started udev Coldplug all Devices.
[[0;32m  OK  [0m] Started Create Static Device Nodes in /dev.
[[0;32m  OK  [0m] Started Apply Kernel Variables.
[[0;32m  OK  [0m] Started Load/Save Random Seed.
         Starting udev Kernel Device Manager...
[[0;32m  OK  [0m] Reached target Local File Systems (Pre).
[[0;32m  OK  [0m] Reached target Local File Systems.
         Starting Tell Plymouth To Write Out Runtime Data...
         Starting ebtables ruleset management...
         Starting AppArmor initialization...
         Starting Set console font and keymap...
[[0;32m  OK  [0m] Started udev Kernel Device Manager.
[[0;32m  OK  [0m] Started Dispatch Password Requests to Console Directory Watch.
[[0;32m  OK  [0m] Reached target Local Encrypted Volumes.
[[0;32m  OK  [0m] Started Tell Plymouth To Write Out Runtime Data.
[[0;32m  OK  [0m] Started Set console font and keymap.
[[0;32m  OK  [0m] Found device /dev/ttyS0.
[[0;32m  OK  [0m] Started Flush Journal to Persistent Storage.
         Starting Create Volatile Files and Directories...
[[0;32m  OK  [0m] Listening on Load/Save RF Kill Switch Status /dev/rfkill Watch.
[[0;32m  OK  [0m] Started Create Volatile Files and Directories.
[[0;32m  OK  [0m] Started ebtables ruleset management.
         Starting Update UTMP about System Boot/Shutdown...
[[0;32m  OK  [0m] Started Update UTMP about System Boot/Shutdown.
[[0;32m  OK  [0m] Started AppArmor initialization.
         Starting Load AppArmor profiles managed internally by snapd...
         Starting Initial cloud-init job (pre-networking)...
[[0;32m  OK  [0m] Started Load AppArmor profiles managed internally by snapd.
[    7.577323] cloud-init[608]: Cloud-init v. 21.4-0ubuntu1~18.04.1 running 'init-local' at Wed, 06 Apr 2022 12:09:58 +0000. Up 7.43 seconds.
[[0;32m  OK  [0m] Started Initial cloud-init job (pre-networking).
[[0;32m  OK  [0m] Reached target Network (Pre).
         Starting Network Service...
[[0;32m  OK  [0m] Started Network Service.
         Starting Network Name Resolution...
         Starting Wait for Network to be Configured...
[[0;32m  OK  [0m] Started Network Name Resolution.
[[0;32m  OK  [0m] Reached target Host and Network Name Lookups.
[[0;32m  OK  [0m] Reached target Network.
[[0;32m  OK  [0m] Started Wait for Network to be Configured.
         Starting Initial cloud-init job (metadata service crawler)...
[   10.096814] cloud-init[723]: Cloud-init v. 21.4-0ubuntu1~18.04.1 running 'init' at Wed, 06 Apr 2022 12:10:00 +0000. Up 9.96 seconds.
[   10.098189] cloud-init[723]: ci-info: ++++++++++++++++++++++++++++++++++++++Net device info+++++++++++++++++++++++++++++++++++++++
[   10.099442] cloud-init[723]: ci-info: +--------+------+-----------------------------+---------------+--------+-------------------+
[   10.100689] cloud-init[723]: ci-info: | Device |  Up  |           Address           |      Mask     | Scope  |     Hw-Address    |
[   10.101938] cloud-init[723]: ci-info: +--------+------+-----------------------------+---------------+--------+-------------------+
[   10.103280] cloud-init[723]: ci-info: | enp0s3 | True |          10.0.2.15          | 255.255.255.0 | global | 02:8d:1f:db:13:bf |
[   10.104788] cloud-init[723]: ci-info: | enp0s3 | True |  fe80::8d:1fff:fedb:13bf/64 |       .       |  link  | 02:8d:1f:db:13:bf |
[   10.116297] cloud-init[723]: ci-info: | enp0s8 | True |        192.168.101.20       | 255.255.255.0 | global | 08:00:27:17:3e:82 |
[   10.117499] cloud-init[723]: ci-info: | enp0s8 | True | fe80::a00:27ff:fe17:3e82/64 |       .       |  link  | 08:00:27:17:3e:82 |
[   10.118695] cloud-init[723]: ci-info: |   lo   | True |          127.0.0.1          |   255.0.0.0   |  host  |         .         |
[   10.119837] cloud-init[723]: ci-info: |   lo   | True |           ::1/128           |       .       |  host  |         .         |
[   10.121052] cloud-init[723]: ci-info: +--------+------+-----------------------------+---------------+--------+-------------------+
[   10.122080] cloud-init[723]: ci-info: +++++++++++++++++++++++++++++Route IPv4 info++++++++++++++++++++++++++++++
[   10.123016] cloud-init[723]: ci-info: +-------+---------------+----------+-----------------+-----------+-------+
[   10.123884] cloud-init[723]: ci-info: | Route |  Destination  | Gateway  |     Genmask     | Interface | Flags |
[   10.124807] cloud-init[723]: ci-info: +-------+---------------+----------+-----------------+-----------+-------+
[   10.125629] cloud-init[723]: ci-info: |   0   |    0.0.0.0    | 10.0.2.2 |     0.0.0.0     |   enp0s3  |   UG  |
[   10.126588] cloud-init[723]: ci-info: |   1   |    10.0.2.0   | 0.0.0.0  |  255.255.255.0  |   enp0s3  |   U   |
[   10.127518] cloud-init[723]: ci-info: |   2   |    10.0.2.2   | 0.0.0.0  | 255.255.255.255 |   enp0s3  |   UH  |
[   10.128573] cloud-init[723]: ci-info: |   3   | 192.168.101.0 | 0.0.0.0  |  255.255.255.0  |   enp0s8  |   U   |
[   10.129417] cloud-init[723]: ci-info: +-------+---------------+----------+-----------------+-----------+-------+
[   10.130382] cloud-init[723]: ci-info: +++++++++++++++++++Route IPv6 info+++++++++++++++++++
[   10.131224] cloud-init[723]: ci-info: +-------+-------------+---------+-----------+-------+
[   10.132008] cloud-init[723]: ci-info: | Route | Destination | Gateway | Interface | Flags |
[   10.132797] cloud-init[723]: ci-info: +-------+-------------+---------+-----------+-------+
[   10.133583] cloud-init[723]: ci-info: |   1   |  fe80::/64  |    ::   |   enp0s3  |   U   |
[   10.134258] cloud-init[723]: ci-info: |   2   |  fe80::/64  |    ::   |   enp0s8  |   U   |
[   10.144140] cloud-init[723]: ci-info: |   4   |    local    |    ::   |   enp0s3  |   U   |
[   10.144882] cloud-init[723]: ci-info: |   5   |    local    |    ::   |   enp0s8  |   U   |
[   10.145562] cloud-init[723]: ci-info: |   6   |   ff00::/8  |    ::   |   enp0s3  |   U   |
[   10.146369] cloud-init[723]: ci-info: |   7   |   ff00::/8  |    ::   |   enp0s8  |   U   |
[   10.147159] cloud-init[723]: ci-info: +-------+-------------+---------+-----------+-------+
[[0;32m  OK  [0m] Started Initial cloud-init job (metadata service crawler).
[[0;32m  OK  [0m] Reached target Network is Online.
         Starting Availability of block devices...
[[0;32m  OK  [0m] Reached target Remote File Systems (Pre).
         Mounting /vagrant...
[[0;32m  OK  [0m] Reached target Cloud-config availability.
[[0;32m  OK  [0m] Reached target System Initialization.
[[0;32m  OK  [0m] Started Daily Cleanup of Temporary Directories.
         Starting LXD - unix socket.
[[0;32m  OK  [0m] Listening on cloud-init hotplug hook socket.
[[0;32m  OK  [0m] Started Daily apt download activities.
[[0;32m  OK  [0m] Started Ubuntu Advantage Timer for running repeated jobs.
[[0;32m  OK  [0m] Listening on UUID daemon activation socket.
         Starting Socket activation for snappy daemon.
[[0;32m  OK  [0m] Listening on ACPID Listen Socket.
[[0;32m  OK  [0m] Started Message of the Day.
[[0;32m  OK  [0m] Started ACPI Events Check.
[[0;32m  OK  [0m] Started Trigger to poll for Ubuntu â€¦(Only enabled on GCP LTS non-pro).
[[0;32m  OK  [0m] Reached target Paths.
[[0;32m  OK  [0m] Listening on D-Bus System Message Bus Socket.
[[0;32m  OK  [0m] Started Daily apt upgrade and clean activities.
[[0;32m  OK  [0m] Listening on Open-iSCSI iscsid Socket.
[[0;32m  OK  [0m] Started Discard unused blocks once a week.
[[0;32m  OK  [0m] Reached target Timers.
[[0;32m  OK  [0m] Started Availability of block devices.
[[0;32m  OK  [0m] Mounted /vagrant.
[[0;32m  OK  [0m] Listening on LXD - unix socket.
[[0;32m  OK  [0m] Listening on Socket activation for snappy daemon.
[[0;32m  OK  [0m] Reached target Sockets.
[[0;32m  OK  [0m] Reached target Basic System.
[[0;32m  OK  [0m] Started Regular background program processing daemon.
         Starting LSB: Record successful boot for GRUB...
         Starting System Logging Service...
[[0;32m  OK  [0m] Started Kibana.
         Starting Accounts Service...
[[0;32m  OK  [0m] Started irqbalance daemon.
         Starting Snap Daemon...
         Starting Elasticsearch...
[[0;32m  OK  [0m] Started FUSE filesystem for LXC.
[[0;32m  OK  [0m] Started D-Bus System Message Bus.
[[0;32m  OK  [0m] Started Deferred execution scheduler.
         Starting Dispatcher daemon for systemd-networkd...
         Starting Virtualbox guest utils...
         Starting Login Service...
         Starting OpenBSD Secure Shell server...
         Starting LXD - container startup/shutdown...
[[0;32m  OK  [0m] Reached target Remote File Systems.
         Starting LSB: automatic crash report generation...
         Starting Permit User Sessions...
[[0;32m  OK  [0m] Started System Logging Service.
[[0;32m  OK  [0m] Started Elasticsearch.
[[0;32m  OK  [0m] Started Permit User Sessions.
[[0;32m  OK  [0m] Started Login Service.
[[0;32m  OK  [0m] Started Unattended Upgrades Shutdown.
         Starting Terminate Plymouth Boot Screen...
         Starting Hold until boot process finishes up...
         Starting Authorization Manager...
[[0;32m  OK  [0m] Started OpenBSD Secure Shell server.
[[0;32m  OK  [0m] Started Hold until boot process finishes up.
[[0;32m  OK  [0m] Started Serial Getty on ttyS0.
         Starting Set console scheme...
[[0;32m  OK  [0m] Started Terminate Plymouth Boot Screen.
[[0;32m  OK  [0m] Started Authorization Manager.
[[0;32m  OK  [0m] Started Accounts Service.
[[0;32m  OK  [0m] Started Set console scheme.
[[0;32m  OK  [0m] Created slice system-getty.slice.
[[0;32m  OK  [0m] Started Getty on tty1.
[[0;32m  OK  [0m] Reached target Login Prompts.
[[0;32m  OK  [0m] Started LSB: Record successful boot for GRUB.
[[0;32m  OK  [0m] Started LSB: automatic crash report generation.
[[0;32m  OK  [0m] Started Virtualbox guest utils.
[[0;32m  OK  [0m] Started LXD - container startup/shutdown.
[[0;32m  OK  [0m] Started Snap Daemon.
         Starting Wait until snapd is fully seeded...
         Starting Time & Date Service...
[[0;32m  OK  [0m] Started Time & Date Service.
[[0;32m  OK  [0m] Started Dispatcher daemon for systemd-networkd.
[[0;32m  OK  [0m] Started Wait until snapd is fully seeded.
         Starting Apply the settings specified in cloud-config...
[[0;32m  OK  [0m] Reached target Multi-User System.
[[0;32m  OK  [0m] Reached target Graphical Interface.
         Starting Update UTMP about System Runlevel Changes...
[[0;32m  OK  [0m] Started Update UTMP about System Runlevel Changes.
[   13.233902] cloud-init[1298]: Cloud-init v. 21.4-0ubuntu1~18.04.1 running 'modules:config' at Wed, 06 Apr 2022 12:10:03 +0000. Up 13.05 seconds.
[[0;32m  OK  [0m] Started Apply the settings specified in cloud-config.
         Starting Execute cloud user/final scripts...
[   13.996683] cloud-init[1364]: Cloud-init v. 21.4-0ubuntu1~18.04.1 running 'modules:final' at Wed, 06 Apr 2022 12:10:04 +0000. Up 13.87 seconds.
[   13.999200] cloud-init[1364]: Cloud-init v. 21.4-0ubuntu1~18.04.1 finished at Wed, 06 Apr 2022 12:10:04 +0000. Datasource DataSourceNoCloud [seed=/dev/sdb][dsmode=net].  Up 13.99 seconds
[[0;32m  OK  [0m] Started Execute cloud user/final scripts.
[[0;32m  OK  [0m] Reached target Cloud-init target.
         Starting Daily apt download activities...

Ubuntu 18.04.6 LTS ELK1 ttyS0

ELK1 login: 