[    0.000000] Linux version 4.15.0-175-generic (buildd@lcy02-amd64-034) (gcc version 7.5.0 (Ubuntu 7.5.0-3ubuntu1~18.04)) #184-Ubuntu SMP Thu Mar 24 17:48:36 UTC 2022 (Ubuntu 4.15.0-175.184-generic 4.15.18)
[    0.000000] Command line: BOOT_IMAGE=/boot/vmlinuz-4.15.0-175-generic root=UUID=f3f5e288-43e3-4799-851d-c2d1f4b7ec64 ro console=tty1 console=ttyS0
[    0.000000] KERNEL supported cpus:
[    0.000000]   Intel GenuineIntel
[    0.000000]   AMD AuthenticAMD
[    0.000000]   Centaur CentaurHauls
[    0.000000] x86/fpu: Supporting XSAVE feature 0x001: 'x87 floating point registers'
[    0.000000] x86/fpu: Supporting XSAVE feature 0x002: 'SSE registers'
[    0.000000] x86/fpu: Supporting XSAVE feature 0x004: 'AVX registers'
[    0.000000] x86/fpu: xstate_offset[2]:  576, xstate_sizes[2]:  256
[    0.000000] x86/fpu: Enabled xstate features 0x7, context size is 832 bytes, using 'standard' format.
[    0.000000] e820: BIOS-provided physical RAM map:
[    0.000000] BIOS-e820: [mem 0x0000000000000000-0x000000000009fbff] usable
[    0.000000] BIOS-e820: [mem 0x000000000009fc00-0x000000000009ffff] reserved
[    0.000000] BIOS-e820: [mem 0x00000000000f0000-0x00000000000fffff] reserved
[    0.000000] BIOS-e820: [mem 0x0000000000100000-0x00000000c17effff] usable
[    0.000000] BIOS-e820: [mem 0x00000000c17f0000-0x00000000c17fffff] ACPI data
[    0.000000] BIOS-e820: [mem 0x00000000fec00000-0x00000000fec00fff] reserved
[    0.000000] BIOS-e820: [mem 0x00000000fee00000-0x00000000fee00fff] reserved
[    0.000000] BIOS-e820: [mem 0x00000000fffc0000-0x00000000ffffffff] reserved
[    0.000000] NX (Execute Disable) protection: active
[    0.000000] SMBIOS 2.5 present.
[    0.000000] DMI: innotek GmbH VirtualBox/VirtualBox, BIOS VirtualBox 12/01/2006
[    0.000000] Hypervisor detected: KVM
[    0.000000] e820: last_pfn = 0xc17f0 max_arch_pfn = 0x400000000
[    0.000000] MTRR: Disabled
[    0.000000] x86/PAT: MTRRs disabled, skipping PAT initialization too.
[    0.000000] CPU MTRRs all blank - virtualized system.
[    0.000000] x86/PAT: Configuration [0-7]: WB  WT  UC- UC  WB  WT  UC- UC  
[    0.000000] found SMP MP-table at [mem 0x0009fff0-0x0009ffff]
[    0.000000] Scanning 1 areas for low memory corruption
[    0.000000] RAMDISK: [mem 0x3581b000-0x36c04fff]
[    0.000000] ACPI: Early table checksum verification disabled
[    0.000000] ACPI: RSDP 0x00000000000E0000 000024 (v02 VBOX  )
[    0.000000] ACPI: XSDT 0x00000000C17F0030 00003C (v01 VBOX   VBOXXSDT 00000001 ASL  00000061)
[    0.000000] ACPI: FACP 0x00000000C17F00F0 0000F4 (v04 VBOX   VBOXFACP 00000001 ASL  00000061)
[    0.000000] ACPI: DSDT 0x00000000C17F0470 0022EA (v02 VBOX   VBOXBIOS 00000002 INTL 20100528)
[    0.000000] ACPI: FACS 0x00000000C17F0200 000040
[    0.000000] ACPI: FACS 0x00000000C17F0200 000040
[    0.000000] ACPI: APIC 0x00000000C17F0240 00005C (v02 VBOX   VBOXAPIC 00000001 ASL  00000061)
[    0.000000] ACPI: SSDT 0x00000000C17F02A0 0001CC (v01 VBOX   VBOXCPUT 00000002 INTL 20100528)
[    0.000000] ACPI: Reserving FACP table memory at [mem 0xc17f00f0-0xc17f01e3]
[    0.000000] ACPI: Reserving DSDT table memory at [mem 0xc17f0470-0xc17f2759]
[    0.000000] ACPI: Reserving FACS table memory at [mem 0xc17f0200-0xc17f023f]
[    0.000000] ACPI: Reserving FACS table memory at [mem 0xc17f0200-0xc17f023f]
[    0.000000] ACPI: Reserving APIC table memory at [mem 0xc17f0240-0xc17f029b]
[    0.000000] ACPI: Reserving SSDT table memory at [mem 0xc17f02a0-0xc17f046b]
[    0.000000] No NUMA configuration found
[    0.000000] Faking a node at [mem 0x0000000000000000-0x00000000c17effff]
[    0.000000] NODE_DATA(0) allocated [mem 0xc17c5000-0xc17effff]
[    0.000000] kvm-clock: cpu 0, msr 0:c1744001, primary cpu clock
[    0.000000] kvm-clock: Using msrs 4b564d01 and 4b564d00
[    0.000000] kvm-clock: using sched offset of 3438887734 cycles
[    0.000000] clocksource: kvm-clock: mask: 0xffffffffffffffff max_cycles: 0x1cd42e4dffb, max_idle_ns: 881590591483 ns
[    0.000000] Zone ranges:
[    0.000000]   DMA      [mem 0x0000000000001000-0x0000000000ffffff]
[    0.000000]   DMA32    [mem 0x0000000001000000-0x00000000c17effff]
[    0.000000]   Normal   empty
[    0.000000]   Device   empty
[    0.000000] Movable zone start for each node
[    0.000000] Early memory node ranges
[    0.000000]   node   0: [mem 0x0000000000001000-0x000000000009efff]
[    0.000000]   node   0: [mem 0x0000000000100000-0x00000000c17effff]
[    0.000000] Reserved but unavailable: 104 pages
[    0.000000] Initmem setup node 0 [mem 0x0000000000001000-0x00000000c17effff]
[    0.000000] ACPI: PM-Timer IO Port: 0x4008
[    0.000000] IOAPIC[0]: apic_id 2, version 32, address 0xfec00000, GSI 0-23
[    0.000000] ACPI: INT_SRC_OVR (bus 0 bus_irq 0 global_irq 2 dfl dfl)
[    0.000000] ACPI: INT_SRC_OVR (bus 0 bus_irq 9 global_irq 9 low level)
[    0.000000] Using ACPI (MADT) for SMP configuration information
[    0.000000] smpboot: Allowing 2 CPUs, 0 hotplug CPUs
[    0.000000] PM: Registered nosave memory: [mem 0x00000000-0x00000fff]
[    0.000000] PM: Registered nosave memory: [mem 0x0009f000-0x0009ffff]
[    0.000000] PM: Registered nosave memory: [mem 0x000a0000-0x000effff]
[    0.000000] PM: Registered nosave memory: [mem 0x000f0000-0x000fffff]
[    0.000000] e820: [mem 0xc1800000-0xfebfffff] available for PCI devices
[    0.000000] Booting paravirtualized kernel on KVM
[    0.000000] clocksource: refined-jiffies: mask: 0xffffffff max_cycles: 0xffffffff, max_idle_ns: 7645519600211568 ns
[    0.000000] random: get_random_bytes called from start_kernel+0x99/0x500 with crng_init=0
[    0.000000] setup_percpu: NR_CPUS:8192 nr_cpumask_bits:2 nr_cpu_ids:2 nr_node_ids:1
[    0.000000] percpu: Embedded 50 pages/cpu s167936 r8192 d28672 u1048576
[    0.000000] PV qspinlock hash table entries: 256 (order: 0, 4096 bytes)
[    0.000000] Built 1 zonelists, mobility grouping on.  Total pages: 780057
[    0.000000] Policy zone: DMA32
[    0.000000] Kernel command line: BOOT_IMAGE=/boot/vmlinuz-4.15.0-175-generic root=UUID=f3f5e288-43e3-4799-851d-c2d1f4b7ec64 ro console=tty1 console=ttyS0
[    0.000000] Memory: 3068696K/3169848K available (12300K kernel code, 2484K rwdata, 4324K rodata, 2468K init, 2724K bss, 101152K reserved, 0K cma-reserved)
[    0.000000] SLUB: HWalign=64, Order=0-3, MinObjects=0, CPUs=2, Nodes=1
[    0.000000] Kernel/User page tables isolation: enabled
[    0.000000] ftrace: allocating 39503 entries in 155 pages
[    0.004000] Hierarchical RCU implementation.
[    0.004000] 	RCU restricting CPUs from NR_CPUS=8192 to nr_cpu_ids=2.
[    0.004000] 	Tasks RCU enabled.
[    0.004000] RCU: Adjusting geometry for rcu_fanout_leaf=16, nr_cpu_ids=2
[    0.004000] NR_IRQS: 524544, nr_irqs: 440, preallocated irqs: 16
[    0.004000] Console: colour VGA+ 80x25
[    0.004000] console [tty1] enabled
[    0.004000] console [ttyS0] enabled
[    0.004000] ACPI: Core revision 20170831
[    0.004000] ACPI: 2 ACPI AML tables successfully acquired and loaded
[    0.004000] APIC: Switch to symmetric I/O mode setup
[    0.004000] x2apic enabled
[    0.004000] Switched APIC routing to physical x2apic.
[    0.004000] ..TIMER: vector=0x30 apic1=0 pin1=2 apic2=-1 pin2=-1
[    0.004000] tsc: Detected 2419.198 MHz processor
[    0.004000] Calibrating delay loop (skipped) preset value.. 4838.39 BogoMIPS (lpj=9676792)
[    0.004004] pid_max: default: 32768 minimum: 301
[    0.004569] Security Framework initialized
[    0.005079] Yama: becoming mindful.
[    0.005517] AppArmor: AppArmor initialized
[    0.007712] Dentry cache hash table entries: 524288 (order: 10, 4194304 bytes)
[    0.008728] Inode-cache hash table entries: 262144 (order: 9, 2097152 bytes)
[    0.009584] Mount-cache hash table entries: 8192 (order: 4, 65536 bytes)
[    0.012005] Mountpoint-cache hash table entries: 8192 (order: 4, 65536 bytes)
[    0.013043] Last level iTLB entries: 4KB 0, 2MB 0, 4MB 0
[    0.013695] Last level dTLB entries: 4KB 0, 2MB 0, 4MB 0, 1GB 0
[    0.014368] Spectre V1 : Mitigation: usercopy/swapgs barriers and __user pointer sanitization
[    0.015389] Spectre V2 : Mitigation: Retpolines
[    0.016001] Spectre V2 : Spectre v2 / SpectreRSB mitigation: Filling RSB on context switch
[    0.016939] Speculative Store Bypass: Vulnerable
[    0.017563] MDS: Vulnerable: Clear CPU buffers attempted, no microcode
[    0.018475] Freeing SMP alternatives memory: 36K
[    0.128612] smpboot: CPU0: 11th Gen Intel(R) Core(TM) i5-1135G7 @ 2.40GHz (family: 0x6, model: 0x8c, stepping: 0x1)
[    0.130473] Performance Events: unsupported p6 CPU model 140 no PMU driver, software events only.
[    0.131917] Hierarchical SRCU implementation.
[    0.132637] NMI watchdog: Perf event create on CPU 0 failed with -2
[    0.133531] NMI watchdog: Perf NMI watchdog permanently disabled
[    0.134368] smp: Bringing up secondary CPUs ...
[    0.135660] x86: Booting SMP configuration:
[    0.136002] .... node  #0, CPUs:      #1
[    0.004000] kvm-clock: cpu 1, msr 0:c1744041, secondary cpu clock
[    0.140015] smp: Brought up 1 node, 2 CPUs
[    0.140709] smpboot: Max logical packages: 1
[    0.141291] smpboot: Total of 2 processors activated (9676.79 BogoMIPS)
[    0.142130] devtmpfs: initialized
[    0.142130] x86/mm: Memory block size: 128MB
[    0.142130] evm: security.selinux
[    0.144004] evm: security.SMACK64
[    0.144491] evm: security.SMACK64EXEC
[    0.144947] evm: security.SMACK64TRANSMUTE
[    0.145443] evm: security.SMACK64MMAP
[    0.145914] evm: security.apparmor
[    0.146315] evm: security.ima
[    0.146702] evm: security.capability
[    0.147153] clocksource: jiffies: mask: 0xffffffff max_cycles: 0xffffffff, max_idle_ns: 7645041785100000 ns
[    0.148005] futex hash table entries: 512 (order: 3, 32768 bytes)
[    0.148849] pinctrl core: initialized pinctrl subsystem
[    0.149530] RTC time: 12:09:54, date: 04/06/22
[    0.150313] NET: Registered protocol family 16
[    0.150865] audit: initializing netlink subsys (disabled)
[    0.152019] audit: type=2000 audit(1649246999.515:1): state=initialized audit_enabled=0 res=1
[    0.152995] cpuidle: using governor ladder
[    0.152995] cpuidle: using governor menu
[    0.152995] ACPI: bus type PCI registered
[    0.153463] acpiphp: ACPI Hot Plug PCI Controller Driver version: 0.5
[    0.154275] PCI: Using configuration type 1 for base access
[    0.156726] HugeTLB registered 2.00 MiB page size, pre-allocated 0 pages
[    0.156773] ACPI: Added _OSI(Module Device)
[    0.156773] ACPI: Added _OSI(Processor Device)
[    0.157078] ACPI: Added _OSI(3.0 _SCP Extensions)
[    0.160006] ACPI: Added _OSI(Processor Aggregator Device)
[    0.160613] ACPI: Added _OSI(Linux-Dell-Video)
[    0.161133] ACPI: Added _OSI(Linux-Lenovo-NV-HDMI-Audio)
[    0.161734] ACPI: Added _OSI(Linux-HPI-Hybrid-Graphics)
[    0.162535] ACPI: Executed 1 blocks of module-level executable AML code
[    0.165984] ACPI: Interpreter enabled
[    0.166424] ACPI: (supports S0 S5)
[    0.166827] ACPI: Using IOAPIC for interrupt routing
[    0.167818] PCI: Using host bridge windows from ACPI; if necessary, use "pci=nocrs" and report a bug
[    0.168173] ACPI: Enabled 2 GPEs in block 00 to 07
[    0.175027] ACPI: PCI Root Bridge [PCI0] (domain 0000 [bus 00-ff])
[    0.175935] acpi PNP0A03:00: _OSC: OS supports [ASPM ClockPM Segments MSI]
[    0.176381] acpi PNP0A03:00: _OSC: not requesting OS control; OS requires [ExtendedConfig ASPM ClockPM MSI]
[    0.177542] acpi PNP0A03:00: fail to add MMCONFIG information, can't access extended PCI configuration space under this bridge.
[    0.180320] PCI host bridge to bus 0000:00
[    0.180942] pci_bus 0000:00: root bus resource [io  0x0000-0x0cf7 window]
[    0.181966] pci_bus 0000:00: root bus resource [io  0x0d00-0xffff window]
[    0.182836] pci_bus 0000:00: root bus resource [mem 0x000a0000-0x000bffff window]
[    0.184008] pci_bus 0000:00: root bus resource [mem 0xc1800000-0xfdffffff window]
[    0.184895] pci_bus 0000:00: root bus resource [bus 00-ff]
[    0.186801] pci 0000:00:01.1: legacy IDE quirk: reg 0x10: [io  0x01f0-0x01f7]
[    0.187598] pci 0000:00:01.1: legacy IDE quirk: reg 0x14: [io  0x03f6]
[    0.188002] pci 0000:00:01.1: legacy IDE quirk: reg 0x18: [io  0x0170-0x0177]
[    0.188776] pci 0000:00:01.1: legacy IDE quirk: reg 0x1c: [io  0x0376]
[    0.217423] pci 0000:00:07.0: quirk: [io  0x4000-0x403f] claimed by PIIX4 ACPI
[    0.218755] pci 0000:00:07.0: quirk: [io  0x4100-0x410f] claimed by PIIX4 SMB
[    0.236769] ACPI: PCI Interrupt Link [LNKA] (IRQs 5 9 10 *11)
[    0.237964] ACPI: PCI Interrupt Link [LNKB] (IRQs 5 9 *10 11)
[    0.238875] ACPI: PCI Interrupt Link [LNKC] (IRQs 5 *9 10 11)
[    0.239716] ACPI: PCI Interrupt Link [LNKD] (IRQs 5 9 10 *11)
[    0.240233] SCSI subsystem initialized
[    0.240729] pci 0000:00:02.0: vgaarb: setting as boot VGA device
[    0.240758] pci 0000:00:02.0: vgaarb: VGA device added: decodes=io+mem,owns=io+mem,locks=none
[    0.241828] pci 0000:00:02.0: vgaarb: bridge control possible
[    0.242595] vgaarb: loaded
[    0.244023] ACPI: bus type USB registered
[    0.244510] usbcore: registered new interface driver usbfs
[    0.245196] usbcore: registered new interface driver hub
[    0.245818] usbcore: registered new device driver usb
[    0.246441] EDAC MC: Ver: 3.0.0
[    0.246441] PCI: Using ACPI for IRQ routing
[    0.248195] NetLabel: Initializing
[    0.248665] NetLabel:  domain hash size = 128
[    0.249341] NetLabel:  protocols = UNLABELED CIPSOv4 CALIPSO
[    0.250002] NetLabel:  unlabeled traffic allowed by default
[    0.250669] clocksource: Switched to clocksource kvm-clock
[    0.259391] VFS: Disk quotas dquot_6.6.0
[    0.259913] VFS: Dquot-cache hash table entries: 512 (order 0, 4096 bytes)
[    0.260768] AppArmor: AppArmor Filesystem Enabled
[    0.261450] pnp: PnP ACPI init
[    0.262502] pnp: PnP ACPI: found 3 devices
[    0.271205] clocksource: acpi_pm: mask: 0xffffff max_cycles: 0xffffff, max_idle_ns: 2085701024 ns
[    0.272450] NET: Registered protocol family 2
[    0.273038] IP idents hash table entries: 65536 (order: 7, 524288 bytes)
[    0.274114] TCP established hash table entries: 32768 (order: 6, 262144 bytes)
[    0.275156] TCP bind hash table entries: 32768 (order: 7, 524288 bytes)
[    0.276095] TCP: Hash tables configured (established 32768 bind 32768)
[    0.278100] UDP hash table entries: 2048 (order: 4, 65536 bytes)
[    0.279434] UDP-Lite hash table entries: 2048 (order: 4, 65536 bytes)
[    0.280725] NET: Registered protocol family 1
[    0.281446] pci 0000:00:00.0: Limiting direct PCI/PCI transfers
[    0.282165] pci 0000:00:01.0: Activating ISA DMA hang workarounds
[    0.282879] pci 0000:00:02.0: Video device with shadowed ROM at [mem 0x000c0000-0x000dffff]
[    0.283907] Unpacking initramfs...
[    0.548045] Freeing initrd memory: 20392K
[    0.549134] clocksource: tsc: mask: 0xffffffffffffffff max_cycles: 0x22df0f35937, max_idle_ns: 440795269039 ns
[    0.550974] platform rtc_cmos: registered platform RTC device (no PNP device found)
[    0.552573] Scanning for low memory corruption every 60 seconds
[    0.554376] Initialise system trusted keyrings
[    0.555192] Key type blacklist registered
[    0.555926] workingset: timestamp_bits=36 max_order=20 bucket_order=0
[    0.557952] zbud: loaded
[    0.558988] squashfs: version 4.0 (2009/01/31) Phillip Lougher
[    0.560142] fuse init (API version 7.26)
[    0.562709] Key type asymmetric registered
[    0.563401] Asymmetric key parser 'x509' registered
[    0.564356] Block layer SCSI generic (bsg) driver version 0.4 loaded (major 246)
[    0.565549] io scheduler noop registered
[    0.566146] io scheduler deadline registered
[    0.567029] io scheduler cfq registered (default)
[    0.567890] ACPI: AC Adapter [AC] (on-line)
[    0.568626] input: Power Button as /devices/LNXSYSTM:00/LNXPWRBN:00/input/input0
[    0.569803] ACPI: Power Button [PWRF]
[    0.570421] input: Sleep Button as /devices/LNXSYSTM:00/LNXSLPBN:00/input/input1
[    0.571544] ACPI: Sleep Button [SLPF]
[    0.573114] ACPI: Battery Slot [BAT0] (battery present)
[    0.574218] Serial: 8250/16550 driver, 32 ports, IRQ sharing enabled
[    0.595992] 00:02: ttyS0 at I/O 0x3f8 (irq = 4, base_baud = 115200) is a 16550A
[    0.601292] Linux agpgart interface v0.103
[    0.604111] loop: module loaded
[    0.605244] scsi host0: ata_piix
[    0.606793] scsi host1: ata_piix
[    0.607311] ata1: PATA max UDMA/33 cmd 0x1f0 ctl 0x3f6 bmdma 0xd000 irq 14
[    0.608267] ata2: PATA max UDMA/33 cmd 0x170 ctl 0x376 bmdma 0xd008 irq 15
[    0.609476] tun: Universal TUN/TAP device driver, 1.6
[    0.610299] PPP generic driver version 2.4.2
[    0.611053] ehci_hcd: USB 2.0 'Enhanced' Host Controller (EHCI) Driver
[    0.612019] ehci-pci: EHCI PCI platform driver
[    0.612854] ehci-platform: EHCI generic platform driver
[    0.613644] ohci_hcd: USB 1.1 'Open' Host Controller (OHCI) Driver
[    0.614655] ohci-pci: OHCI PCI platform driver
[    0.615368] ohci-platform: OHCI generic platform driver
[    0.616172] uhci_hcd: USB Universal Host Controller Interface driver
[    0.617309] i8042: PNP: PS/2 Controller [PNP0303:PS2K,PNP0f03:PS2M] at 0x60,0x64 irq 1,12
[    0.618778] serio: i8042 KBD port at 0x60,0x64 irq 1
[    0.619398] serio: i8042 AUX port at 0x60,0x64 irq 12
[    0.620217] mousedev: PS/2 mouse device common for all mice
[    0.621348] input: AT Translated Set 2 keyboard as /devices/platform/i8042/serio0/input/input2
[    0.622532] rtc_cmos rtc_cmos: rtc core: registered rtc_cmos as rtc0
[    0.623300] rtc_cmos rtc_cmos: alarms up to one day, 114 bytes nvram
[    0.624068] i2c /dev entries driver
[    0.624553] device-mapper: uevent: version 1.0.3
[    0.625285] device-mapper: ioctl: 4.37.0-ioctl (2017-09-20) initialised: dm-devel@redhat.com
[    0.626807] ledtrig-cpu: registered to indicate activity on CPUs
[    0.628042] NET: Registered protocol family 10
[    0.631987] Segment Routing with IPv6
[    0.632691] NET: Registered protocol family 17
[    0.633576] Key type dns_resolver registered
[    0.634433] mce: Using 0 MCE banks
[    0.634993] RAS: Correctable Errors collector initialized.
[    0.635805] sched_clock: Marking stable (634406449, 0)->(769074833, -134668384)
[    0.637422] registered taskstats version 1
[    0.638117] Loading compiled-in X.509 certificates
[    0.640662] Loaded X.509 cert 'Build time autogenerated kernel key: ea99b1e66d5186ff77dcfb46de385e3fbd0a569c'
[    0.642744] Loaded X.509 cert 'Canonical Ltd. Live Patch Signing: 14df34d1a87cf37625abec039ef2bf521249b969'
[    0.644517] Loaded X.509 cert 'Canonical Ltd. Kernel Module Signing: 88f752e560a1e0737e31163a466ad7b70a850c19'
[    0.645914] blacklist: Loading compiled-in revocation X.509 certificates
[    0.646831] Loaded X.509 cert 'Canonical Ltd. Secure Boot Signing: 61482aa2830d0ab2ad5af10b7250da9033ddcef0'
[    0.648025] zswap: loaded using pool lzo/zbud
[    0.651422] Key type big_key registered
[    0.652051] Key type trusted registered
[    0.653853] Key type encrypted registered
[    0.654371] AppArmor: AppArmor sha1 policy hashing enabled
[    0.655003] ima: No TPM chip found, activating TPM-bypass! (rc=-19)
[    0.655731] ima: Allocated hash algorithm: sha1
[    0.656327] evm: HMAC attrs: 0x1
[    0.656926]   Magic number: 2:326:177
[    0.657476] rtc_cmos rtc_cmos: setting system clock to 2022-04-06 12:09:55 UTC (1649246995)
[    0.658545] BIOS EDD facility v0.16 2004-Jun-25, 0 devices found
[    0.659262] EDD information not available.
[    0.771308] Freeing unused kernel image memory: 2468K
[    0.784976] Write protecting the kernel read-only data: 20480k
[    0.786599] Freeing unused kernel image memory: 2008K
[    0.787838] Freeing unused kernel image memory: 1820K
[    0.793961] x86/mm: Checked W+X mappings: passed, no W+X pages found.
[    0.794969] x86/mm: Checking user space page tables
[    0.800089] x86/mm: Checked W+X mappings: passed, no W+X pages found.
Loading, please wait...
starting version 237
[    0.855541] e1000: Intel(R) PRO/1000 Network Driver - version 7.3.21-k8-NAPI
[    0.856709] e1000: Copyright (c) 1999-2006 Intel Corporation.
[    0.863413] Fusion MPT base driver 3.04.20
[    0.864406] Copyright (c) 1999-2008 LSI Corporation
[    0.876325] Fusion MPT SPI Host driver 3.04.20
[    0.880046] AVX2 version of gcm_enc/dec engaged.
[    0.880815] AES CTR mode by8 optimization enabled
[    1.074110] input: ImExPS/2 Generic Explorer Mouse as /devices/platform/i8042/serio1/input/input4
[    1.228439] e1000 0000:00:03.0 eth0: (PCI:33MHz:32-bit) 02:8d:1f:db:13:bf
[    1.229524] e1000 0000:00:03.0 eth0: Intel(R) PRO/1000 Network Connection
[    1.231845] mptbase: ioc0: Initiating bringup
[    1.328349] ioc0: LSI53C1030 A0: Capabilities={Initiator}
[    1.571237] scsi host2: ioc0: LSI53C1030 A0, FwRev=00000000h, Ports=1, MaxQ=256, IRQ=20
[    2.347342] scsi 2:0:0:0: Direct-Access     VBOX     HARDDISK         1.0  PQ: 0 ANSI: 5
[    2.396705] scsi target2:0:0: Beginning Domain Validation
[    2.398879] scsi target2:0:0: Domain Validation skipping write tests
[    2.400909] scsi target2:0:0: Ending Domain Validation
[    2.401970] scsi target2:0:0: asynchronous
[    2.403308] scsi 2:0:1:0: Direct-Access     VBOX     HARDDISK         1.0  PQ: 0 ANSI: 5
[    2.719851] scsi target2:0:1: Beginning Domain Validation
[    2.721417] random: fast init done
[    2.722045] scsi target2:0:1: Domain Validation skipping write tests
[    2.723027] scsi target2:0:1: Ending Domain Validation
[    2.723861] scsi target2:0:1: asynchronous
[    2.727472] random: systemd-udevd: uninitialized urandom read (16 bytes read)
[    2.727537] sd 2:0:0:0: Attached scsi generic sg0 type 0
[    2.728572] random: systemd-udevd: uninitialized urandom read (16 bytes read)
[    2.730379] sd 2:0:1:0: Attached scsi generic sg1 type 0
[    2.731287] random: systemd-udevd: uninitialized urandom read (16 bytes read)
[    2.733052] sd 2:0:0:0: [sda] 83886080 512-byte logical blocks: (42.9 GB/40.0 GiB)
[    2.734069] sd 2:0:1:0: [sdb] 20480 512-byte logical blocks: (10.5 MB/10.0 MiB)
[    2.734958] sd 2:0:0:0: [sda] Write Protect is off
[    2.735561] sd 2:0:1:0: [sdb] Write Protect is off
[    2.736226] sd 2:0:0:0: [sda] Incomplete mode parameter data
[    2.736922] sd 2:0:0:0: [sda] Assuming drive cache: write through
[    2.737729] sd 2:0:1:0: [sdb] Incomplete mode parameter data
[    2.738460] sd 2:0:1:0: [sdb] Assuming drive cache: write through
[    2.744930]  sda: sda1
[    2.746469] sd 2:0:0:0: [sda] Attached SCSI disk
[    2.747751] sd 2:0:1:0: [sdb] Attached SCSI disk
[    2.753266] e1000 0000:00:08.0 eth1: (PCI:33MHz:32-bit) 08:00:27:d9:95:0f
[    2.754196] e1000 0000:00:08.0 eth1: Intel(R) PRO/1000 Network Connection
[    2.756029] e1000 0000:00:08.0 enp0s8: renamed from eth1
[    2.776536] e1000 0000:00:03.0 enp0s3: renamed from eth0
Begin: Loading essential drivers ... [    4.164188] raid6: sse2x1   gen() 16277 MB/s
[    4.212449] raid6: sse2x1   xor()  9940 MB/s
[    4.260160] raid6: sse2x2   gen() 20751 MB/s
[    4.308338] raid6: sse2x2   xor() 14246 MB/s
[    4.356427] raid6: sse2x4   gen() 22513 MB/s
[    4.404494] raid6: sse2x4   xor() 12677 MB/s
[    4.452206] raid6: avx2x1   gen() 31980 MB/s
[    4.500158] raid6: avx2x1   xor() 19986 MB/s
[    4.548152] raid6: avx2x2   gen() 40036 MB/s
[    4.596034] raid6: avx2x2   xor() 18859 MB/s
[    4.644557] raid6: avx2x4   gen() 27086 MB/s
[    4.692047] raid6: avx2x4   xor() 19405 MB/s
[    4.692893] raid6: using algorithm avx2x2 gen() 40036 MB/s
[    4.693831] raid6: .... xor() 18859 MB/s, rmw enabled
[    4.694855] raid6: using avx2x2 recovery algorithm
[    4.696549] xor: automatically using best checksumming function   avx       
[    4.698566] async_tx: api initialized (async)
done.
Begin: Running /scripts/init-premount ... done.
Begin: Mounting root file system ... Begin: Running /scripts/local-top ... done.
Begin: Running /scripts/local-premount ... [    4.737594] Btrfs loaded, crc32c=crc32c-intel
Scanning for Btrfs filesystems
done.
Begin: Will now check root file system ... fsck from util-linux 2.31.1
[/sbin/fsck.ext4 (1) -- /dev/sda1] fsck.ext4 -a -C0 /dev/sda1 
cloudimg-rootfs: recovering journal
cloudimg-rootfs: Clearing orphaned inode 522510 (uid=111, gid=116, mode=0100644, size=112833)
cloudimg-rootfs: clean, 114312/5120000 files, 889839/10485499 blocks
done.
[    4.870339] EXT4-fs (sda1): mounted filesystem with ordered data mode. Opts: (null)
done.
Begin: Running /scripts/local-bottom ... done.
Begin: Running /scripts/init-bottom ... done.
[    5.041614] ip_tables: (C) 2000-2006 Netfilter Core Team
[    5.048630] systemd[1]: systemd 237 running in system mode. (+PAM +AUDIT +SELINUX +IMA +APPARMOR +SMACK +SYSVINIT +UTMP +LIBCRYPTSETUP +GCRYPT +GNUTLS +ACL +XZ +LZ4 +SECCOMP +BLKID +ELFUTILS +KMOD -IDN2 +IDN -PCRE2 default-hierarchy=hybrid)
[    5.051059] systemd[1]: Detected virtualization oracle.
[    5.051657] systemd[1]: Detected architecture x86-64.

Welcome to [1mUbuntu 18.04.6 LTS[0m!

[    5.056806] systemd[1]: Set hostname to <ELK2>.
[    5.441180] systemd[1]: Started Forward Password Requests to Wall Directory Watch.
[[0;32m  OK  [0m] Started Forward Password Requests to Wall Directory Watch.
[    5.456518] systemd[1]: Set up automount Arbitrary Executable File Formats File System Automount Point.
[[0;32m  OK  [0m] Set up automount Arbitrary Executabâ€¦rmats File System Automount Point.
[    5.470591] systemd[1]: Created slice User and Session Slice.
[[0;32m  OK  [0m] Created slice User and Session Slice.
[    5.484478] systemd[1]: Reached target System Time Synchronized.
[[0;32m  OK  [0m] Reached target System Time Synchronized.
[    5.496279] systemd[1]: Reached target Swap.
[[0;32m  OK  [0m] Reached target Swap.
[    5.498031] systemd[1]: Reached target User and Group Name Lookups.
[[0;32m  OK  [0m] Reached target User and Group Name Lookups.
[[0;32m  OK  [0m] Created slice System Slice.
[[0;32m  OK  [0m] Listening on Journal Audit Socket.
[[0;32m  OK  [0m] Listening on fsck to fsckd communication Socket.
[[0;32m  OK  [0m] Listening on Journal Socket (/dev/log).
[[0;32m  OK  [0m] Created slice system-serial\x2dgetty.slice.
[[0;32m  OK  [0m] Listening on Syslog Socket.
[[0;32m  OK  [0m] Listening on Device-mapper event daemon FIFOs.
[[0;32m  OK  [0m] Listening on LVM2 metadata daemon socket.
[[0;32m  OK  [0m] Listening on udev Kernel Socket.
[[0;32m  OK  [0m] Listening on udev Control Socket.
[[0;32m  OK  [0m] Listening on Journal Socket.
         Starting Uncomplicated firewall...
         Starting Set the console keyboard layout...
         Mounting Kernel Debug File System...
         Starting udev Coldplug all Devices...
         Mounting POSIX Message Queue File System...
         Starting Monitoring of LVM2 mirrorsâ€¦ng dmeventd or progress polling...
         Mounting Huge Pages File System...
         Starting Create list of required stâ€¦ce nodes for the current kernel...
         Starting Load Kernel Modules...
         Starting Journal Service...
[[0;32m  OK  [0m] Listening on LVM2 poll daemon socket.
[[0;32m  OK  [0m] Listening on Network Service Netlink Socket.
[    5.676535] Loading iSCSI transport class v2.0-870.
         Starting Remount Root and Kernel File Systems...
[[0;32m  OK  [0m] Listening on /dev/initctl Compatibility Named Pipe.
[    5.685782] iscsi: registered transport (tcp)
[[0;32m  OK  [0m] Reached target Slices.
[[0;32m  OK  [0m] Started Uncomplicated firewall.
[[0;32m  OK  [0m] Started Set the console keyboard layout.
[[0;32m  OK  [0m] Mounted Kernel Debug File System.
[    5.709373] iscsi: registered transport (iser)
[[0;32m  OK  [0m] Mounted POSIX Message Queue File System.
[[0;32m  OK  [0m] Mounted Huge Pages File System.
[[0;32m  OK  [0m] Started Create list of required staâ€¦vice nodes for the current kernel.
[[0;32m  OK  [0m] Started Load Kernel Modules.
[[0;32m  OK  [0m] Started LVM2 metadata daemon.
         Mounting FUSE Control File System...
[    5.745935] EXT4-fs (sda1): re-mounted. Opts: (null)
         Mounting Kernel Configuration File System...
         Starting Apply Kernel Variables...
         Starting Create Static Device Nodes in /dev...
[[0;32m  OK  [0m] Started Remount Root and Kernel File Systems.
         Starting Load/Save Random Seed...
[[0;32m  OK  [0m] Started Journal Service.
[[0;32m  OK  [0m] Started udev Coldplug all Devices.
[[0;32m  OK  [0m] Mounted FUSE Control File System.
[[0;32m  OK  [0m] Mounted Kernel Configuration File System.
[[0;32m  OK  [0m] Started Create Static Device Nodes in /dev.
         Starting udev Kernel Device Manager...
         Starting Flush Journal to Persistent Storage...
[[0;32m  OK  [0m] Started Apply Kernel Variables.
[[0;32m  OK  [0m] Started Load/Save Random Seed.
[[0;32m  OK  [0m] Started udev Kernel Device Manager.
[[0;32m  OK  [0m] Started Monitoring of LVM2 mirrors,â€¦sing dmeventd or progress polling.
[[0;32m  OK  [0m] Reached target Local File Systems (Pre).
[[0;32m  OK  [0m] Reached target Local File Systems.
         Starting Tell Plymouth To Write Out Runtime Data...
         Starting Set console font and keymap...
         Starting ebtables ruleset management...
         Starting AppArmor initialization...
[[0;32m  OK  [0m] Started Dispatch Password Requests to Console Directory Watch.
[[0;32m  OK  [0m] Reached target Local Encrypted Volumes.
[[0;32m  OK  [0m] Started Set console font and keymap.
[[0;32m  OK  [0m] Started Tell Plymouth To Write Out Runtime Data.
[[0;32m  OK  [0m] Found device /dev/ttyS0.
[[0;32m  OK  [0m] Started ebtables ruleset management.
[[0;32m  OK  [0m] Started Flush Journal to Persistent Storage.
         Starting Create Volatile Files and Directories...
[[0;32m  OK  [0m] Listening on Load/Save RF Kill Switch Status /dev/rfkill Watch.
[[0;32m  OK  [0m] Started Create Volatile Files and Directories.
         Starting Update UTMP about System Boot/Shutdown...
[[0;32m  OK  [0m] Started Update UTMP about System Boot/Shutdown.
[[0;32m  OK  [0m] Started AppArmor initialization.
         Starting Load AppArmor profiles managed internally by snapd...
         Starting Initial cloud-init job (pre-networking)...
[[0;32m  OK  [0m] Started Load AppArmor profiles managed internally by snapd.
[    7.286984] cloud-init[615]: Cloud-init v. 21.4-0ubuntu1~18.04.1 running 'init-local' at Wed, 06 Apr 2022 12:10:01 +0000. Up 7.12 seconds.
[[0;32m  OK  [0m] Started Initial cloud-init job (pre-networking).
[[0;32m  OK  [0m] Reached target Network (Pre).
         Starting Network Service...
[[0;32m  OK  [0m] Started Network Service.
         Starting Network Name Resolution...
         Starting Wait for Network to be Configured...
[[0;32m  OK  [0m] Started Network Name Resolution.
[[0;32m  OK  [0m] Reached target Network.
[[0;32m  OK  [0m] Reached target Host and Network Name Lookups.
[[0;32m  OK  [0m] Started Wait for Network to be Configured.
         Starting Initial cloud-init job (metadata service crawler)...
[    9.306919] cloud-init[700]: Cloud-init v. 21.4-0ubuntu1~18.04.1 running 'init' at Wed, 06 Apr 2022 12:10:04 +0000. Up 9.16 seconds.
[    9.308485] cloud-init[700]: ci-info: ++++++++++++++++++++++++++++++++++++++Net device info+++++++++++++++++++++++++++++++++++++++
[    9.310007] cloud-init[700]: ci-info: +--------+------+-----------------------------+---------------+--------+-------------------+
[    9.311502] cloud-init[700]: ci-info: | Device |  Up  |           Address           |      Mask     | Scope  |     Hw-Address    |
[    9.312976] cloud-init[700]: ci-info: +--------+------+-----------------------------+---------------+--------+-------------------+
[    9.314611] cloud-init[700]: ci-info: | enp0s3 | True |          10.0.2.15          | 255.255.255.0 | global | 02:8d:1f:db:13:bf |
[    9.316193] cloud-init[700]: ci-info: | enp0s3 | True |  fe80::8d:1fff:fedb:13bf/64 |       .       |  link  | 02:8d:1f:db:13:bf |
[    9.317686] cloud-init[700]: ci-info: | enp0s8 | True |        192.168.101.21       | 255.255.255.0 | global | 08:00:27:d9:95:0f |
[    9.319184] cloud-init[700]: ci-info: | enp0s8 | True | fe80::a00:27ff:fed9:950f/64 |       .       |  link  | 08:00:27:d9:95:0f |
[    9.321185] cloud-init[700]: ci-info: |   lo   | True |          127.0.0.1          |   255.0.0.0   |  host  |         .         |
[    9.322741] cloud-init[700]: ci-info: |   lo   | True |           ::1/128           |       .       |  host  |         .         |
[    9.324441] cloud-init[700]: ci-info: +--------+------+-----------------------------+---------------+--------+-------------------+
[    9.336517] cloud-init[700]: ci-info: +++++++++++++++++++++++++++++Route IPv4 info++++++++++++++++++++++++++++++
[    9.337650] cloud-init[700]: ci-info: +-------+---------------+----------+-----------------+-----------+-------+
[    9.348470] cloud-init[700]: ci-info: | Route |  Destination  | Gateway  |     Genmask     | Interface | Flags |
[    9.349512] cloud-init[700]: ci-info: +-------+---------------+----------+-----------------+-----------+-------+
[    9.350365] cloud-init[700]: ci-info: |   0   |    0.0.0.0    | 10.0.2.2 |     0.0.0.0     |   enp0s3  |   UG  |
[    9.360246] cloud-init[700]: ci-info: |   1   |    10.0.2.0   | 0.0.0.0  |  255.255.255.0  |   enp0s3  |   U   |
[    9.361212] cloud-init[700]: ci-info: |   2   |    10.0.2.2   | 0.0.0.0  | 255.255.255.255 |   enp0s3  |   UH  |
[    9.362268] cloud-init[700]: ci-info: |   3   | 192.168.101.0 | 0.0.0.0  |  255.255.255.0  |   enp0s8  |   U   |
[    9.372652] cloud-init[700]: ci-info: +-------+---------------+----------+-----------------+-----------+-------+
[    9.373864] cloud-init[700]: ci-info: +++++++++++++++++++Route IPv6 info+++++++++++++++++++
[    9.374712] cloud-init[700]: ci-info: +-------+-------------+---------+-----------+-------+
[    9.375771] cloud-init[700]: ci-info: | Route | Destination | Gateway | Interface | Flags |
[    9.376752] cloud-init[700]: ci-info: +-------+-------------+---------+-----------+-------+
[    9.377651] cloud-init[700]: ci-info: |   1   |  fe80::/64  |    ::   |   enp0s8  |   U   |
[    9.378530] cloud-init[700]: ci-info: |   2   |  fe80::/64  |    ::   |   enp0s3  |   U   |
[    9.379470] cloud-init[700]: ci-info: |   4   |    local    |    ::   |   enp0s3  |   U   |
[    9.380434] cloud-init[700]: ci-info: |   5   |    local    |    ::   |   enp0s8  |   U   |
[    9.381320] cloud-init[700]: ci-info: |   6   |   ff00::/8  |    ::   |   enp0s8  |   U   |
[    9.382231] cloud-init[700]: ci-info: |   7   |   ff00::/8  |    ::   |   enp0s3  |   U   |
[    9.384402] cloud-init[700]: ci-info: +-------+-------------+---------+-----------+-------+
[[0;32m  OK  [0m] Started Initial cloud-init job (metadata service crawler).
[[0;32m  OK  [0m] Reached target System Initialization.
[[0;32m  OK  [0m] Listening on cloud-init hotplug hook socket.
         Starting Socket activation for snappy daemon.
[[0;32m  OK  [0m] Listening on ACPID Listen Socket.
[[0;32m  OK  [0m] Listening on D-Bus System Message Bus Socket.
[[0;32m  OK  [0m] Started Discard unused blocks once a week.
[[0;32m  OK  [0m] Started Daily Cleanup of Temporary Directories.
[[0;32m  OK  [0m] Started Trigger to poll for Ubuntu â€¦(Only enabled on GCP LTS non-pro).
[[0;32m  OK  [0m] Listening on Open-iSCSI iscsid Socket.
[[0;32m  OK  [0m] Started Daily apt download activities.
[[0;32m  OK  [0m] Started Daily apt upgrade and clean activities.
         Starting LXD - unix socket.
[[0;32m  OK  [0m] Started Message of the Day.
[[0;32m  OK  [0m] Started Ubuntu Advantage Timer for running repeated jobs.
[[0;32m  OK  [0m] Reached target Timers.
[[0;32m  OK  [0m] Started ACPI Events Check.
[[0;32m  OK  [0m] Reached target Paths.
[[0;32m  OK  [0m] Listening on UUID daemon activation socket.
[[0;32m  OK  [0m] Reached target Cloud-config availability.
[[0;32m  OK  [0m] Reached target Network is Online.
[[0;32m  OK  [0m] Reached target Remote File Systems (Pre).
         Mounting /vagrant...
         Starting Availability of block devices...
[[0;32m  OK  [0m] Listening on Socket activation for snappy daemon.
[[0;32m  OK  [0m] Listening on LXD - unix socket.
[[0;32m  OK  [0m] Reached target Sockets.
[[0;32m  OK  [0m] Reached target Basic System.
[[0;32m  OK  [0m] Started D-Bus System Message Bus.
         Starting LSB: Record successful boot for GRUB...
         Starting Dispatcher daemon for systemd-networkd...
         Starting LXD - container startup/shutdown...
         Starting Login Service...
         Starting Virtualbox guest utils...
         Starting System Logging Service...
[[0;32m  OK  [0m] Started irqbalance daemon.
[[0;32m  OK  [0m] Started FUSE filesystem for LXC.
         Starting Accounts Service...
         Starting Elasticsearch...
         Starting OpenBSD Secure Shell server...
[[0;32m  OK  [0m] Started Regular background program processing daemon.
[[0;32m  OK  [0m] Started Deferred execution scheduler.
         Starting Snap Daemon...
[[0;32m  OK  [0m] Mounted /vagrant.
[[0;32m  OK  [0m] Started Availability of block devices.
[[0;32m  OK  [0m] Reached target Remote File Systems.
         Starting LSB: automatic crash report generation...
         Starting Permit User Sessions...
[[0;32m  OK  [0m] Started System Logging Service.
[[0;32m  OK  [0m] Started Login Service.
[[0;32m  OK  [0m] Started Unattended Upgrades Shutdown.
[[0;32m  OK  [0m] Started Elasticsearch.
[[0;32m  OK  [0m] Started Permit User Sessions.
         Starting Hold until boot process finishes up...
         Starting Terminate Plymouth Boot Screen...
[[0;32m  OK  [0m] Started Hold until boot process finishes up.
[[0;32m  OK  [0m] Started Serial Getty on ttyS0.
         Starting Set console scheme...
[[0;32m  OK  [0m] Started Terminate Plymouth Boot Screen.
[[0;32m  OK  [0m] Started OpenBSD Secure Shell server.
[[0;32m  OK  [0m] Started LSB: Record successful boot for GRUB.
[[0;32m  OK  [0m] Started LSB: automatic crash report generation.
[[0;32m  OK  [0m] Started Set console scheme.
[[0;32m  OK  [0m] Created slice system-getty.slice.
[[0;32m  OK  [0m] Started Getty on tty1.
[[0;32m  OK  [0m] Reached target Login Prompts.
         Starting Authorization Manager...
[[0;32m  OK  [0m] Started Virtualbox guest utils.
[[0;32m  OK  [0m] Started LXD - container startup/shutdown.
[[0;32m  OK  [0m] Started Authorization Manager.
[[0;32m  OK  [0m] Started Accounts Service.
[[0;32m  OK  [0m] Started Dispatcher daemon for systemd-networkd.
[[0;32m  OK  [0m] Started Snap Daemon.
         Starting Wait until snapd is fully seeded...
         Starting Time & Date Service...
[[0;32m  OK  [0m] Started Time & Date Service.
[[0;32m  OK  [0m] Started Wait until snapd is fully seeded.
         Starting Apply the settings specified in cloud-config...
[[0;32m  OK  [0m] Reached target Multi-User System.
[[0;32m  OK  [0m] Reached target Graphical Interface.
         Starting Update UTMP about System Runlevel Changes...
[[0;32m  OK  [0m] Started Update UTMP about System Runlevel Changes.
[   11.992219] cloud-init[1160]: Cloud-init v. 21.4-0ubuntu1~18.04.1 running 'modules:config' at Wed, 06 Apr 2022 12:10:06 +0000. Up 11.78 seconds.
[[0;32m  OK  [0m] Started Apply the settings specified in cloud-config.
         Starting Execute cloud user/final scripts...
[   12.844739] cloud-init[1194]: Cloud-init v. 21.4-0ubuntu1~18.04.1 running 'modules:final' at Wed, 06 Apr 2022 12:10:07 +0000. Up 12.71 seconds.
[   12.856390] cloud-init[1194]: Cloud-init v. 21.4-0ubuntu1~18.04.1 finished at Wed, 06 Apr 2022 12:10:07 +0000. Datasource DataSourceNoCloud [seed=/dev/sdb][dsmode=net].  Up 12.83 seconds
[[0;32m  OK  [0m] Started Execute cloud user/final scripts.
[[0;32m  OK  [0m] Reached target Cloud-init target.
         Starting Daily apt download activities...

Ubuntu 18.04.6 LTS ELK2 ttyS0

ELK2 login: 