[    0.000000] Linux version 4.15.0-166-generic (buildd@lgw01-amd64-012) (gcc version 7.5.0 (Ubuntu 7.5.0-3ubuntu1~18.04)) #174-Ubuntu SMP Wed Dec 8 19:07:44 UTC 2021 (Ubuntu 4.15.0-166.174-generic 4.15.18)
[    0.000000] Command line: BOOT_IMAGE=/boot/vmlinuz-4.15.0-166-generic root=LABEL=cloudimg-rootfs ro console=tty1 console=ttyS0
[    0.000000] KERNEL supported cpus:
[    0.000000]   Intel GenuineIntel
[    0.000000]   AMD AuthenticAMD
[    0.000000]   Centaur CentaurHauls
[    0.000000] x86/fpu: Supporting XSAVE feature 0x001: 'x87 floating point registers'
[    0.000000] x86/fpu: Supporting XSAVE feature 0x002: 'SSE registers'
[    0.000000] x86/fpu: Supporting XSAVE feature 0x004: 'AVX registers'
[    0.000000] x86/fpu: xstate_offset[2]:  576, xstate_sizes[2]:  256
[    0.000000] x86/fpu: Enabled xstate features 0x7, context size is 832 bytes, using 'standard' format.
[    0.000000] e820: BIOS-provided physical RAM map:
[    0.000000] BIOS-e820: [mem 0x0000000000000000-0x000000000009fbff] usable
[    0.000000] BIOS-e820: [mem 0x000000000009fc00-0x000000000009ffff] reserved
[    0.000000] BIOS-e820: [mem 0x00000000000f0000-0x00000000000fffff] reserved
[    0.000000] BIOS-e820: [mem 0x0000000000100000-0x00000000dffeffff] usable
[    0.000000] BIOS-e820: [mem 0x00000000dfff0000-0x00000000dfffffff] ACPI data
[    0.000000] BIOS-e820: [mem 0x00000000fec00000-0x00000000fec00fff] reserved
[    0.000000] BIOS-e820: [mem 0x00000000fee00000-0x00000000fee00fff] reserved
[    0.000000] BIOS-e820: [mem 0x00000000fffc0000-0x00000000ffffffff] reserved
[    0.000000] BIOS-e820: [mem 0x0000000100000000-0x000000011fffffff] usable
[    0.000000] NX (Execute Disable) protection: active
[    0.000000] SMBIOS 2.5 present.
[    0.000000] DMI: innotek GmbH VirtualBox/VirtualBox, BIOS VirtualBox 12/01/2006
[    0.000000] Hypervisor detected: KVM
[    0.000000] e820: last_pfn = 0x120000 max_arch_pfn = 0x400000000
[    0.000000] MTRR: Disabled
[    0.000000] x86/PAT: MTRRs disabled, skipping PAT initialization too.
[    0.000000] CPU MTRRs all blank - virtualized system.
[    0.000000] x86/PAT: Configuration [0-7]: WB  WT  UC- UC  WB  WT  UC- UC  
[    0.000000] e820: last_pfn = 0xdfff0 max_arch_pfn = 0x400000000
[    0.000000] found SMP MP-table at [mem 0x0009fff0-0x0009ffff]
[    0.000000] Scanning 1 areas for low memory corruption
[    0.000000] RAMDISK: [mem 0x359c7000-0x36cdafff]
[    0.000000] ACPI: Early table checksum verification disabled
[    0.000000] ACPI: RSDP 0x00000000000E0000 000024 (v02 VBOX  )
[    0.000000] ACPI: XSDT 0x00000000DFFF0030 00003C (v01 VBOX   VBOXXSDT 00000001 ASL  00000061)
[    0.000000] ACPI: FACP 0x00000000DFFF00F0 0000F4 (v04 VBOX   VBOXFACP 00000001 ASL  00000061)
[    0.000000] ACPI: DSDT 0x00000000DFFF0480 0022EA (v02 VBOX   VBOXBIOS 00000002 INTL 20100528)
[    0.000000] ACPI: FACS 0x00000000DFFF0200 000040
[    0.000000] ACPI: FACS 0x00000000DFFF0200 000040
[    0.000000] ACPI: APIC 0x00000000DFFF0240 00006C (v02 VBOX   VBOXAPIC 00000001 ASL  00000061)
[    0.000000] ACPI: SSDT 0x00000000DFFF02B0 0001CC (v01 VBOX   VBOXCPUT 00000002 INTL 20100528)
[    0.000000] ACPI: Reserving FACP table memory at [mem 0xdfff00f0-0xdfff01e3]
[    0.000000] ACPI: Reserving DSDT table memory at [mem 0xdfff0480-0xdfff2769]
[    0.000000] ACPI: Reserving FACS table memory at [mem 0xdfff0200-0xdfff023f]
[    0.000000] ACPI: Reserving FACS table memory at [mem 0xdfff0200-0xdfff023f]
[    0.000000] ACPI: Reserving APIC table memory at [mem 0xdfff0240-0xdfff02ab]
[    0.000000] ACPI: Reserving SSDT table memory at [mem 0xdfff02b0-0xdfff047b]
[    0.000000] No NUMA configuration found
[    0.000000] Faking a node at [mem 0x0000000000000000-0x000000011fffffff]
[    0.000000] NODE_DATA(0) allocated [mem 0x11ffd1000-0x11fffbfff]
[    0.000000] kvm-clock: cpu 0, msr 1:1ff50001, primary cpu clock
[    0.000000] kvm-clock: Using msrs 4b564d01 and 4b564d00
[    0.000000] kvm-clock: using sched offset of 3448855675 cycles
[    0.000000] clocksource: kvm-clock: mask: 0xffffffffffffffff max_cycles: 0x1cd42e4dffb, max_idle_ns: 881590591483 ns
[    0.000000] Zone ranges:
[    0.000000]   DMA      [mem 0x0000000000001000-0x0000000000ffffff]
[    0.000000]   DMA32    [mem 0x0000000001000000-0x00000000ffffffff]
[    0.000000]   Normal   [mem 0x0000000100000000-0x000000011fffffff]
[    0.000000]   Device   empty
[    0.000000] Movable zone start for each node
[    0.000000] Early memory node ranges
[    0.000000]   node   0: [mem 0x0000000000001000-0x000000000009efff]
[    0.000000]   node   0: [mem 0x0000000000100000-0x00000000dffeffff]
[    0.000000]   node   0: [mem 0x0000000100000000-0x000000011fffffff]
[    0.000000] Reserved but unavailable: 104 pages
[    0.000000] Initmem setup node 0 [mem 0x0000000000001000-0x000000011fffffff]
[    0.000000] ACPI: PM-Timer IO Port: 0x4008
[    0.000000] IOAPIC[0]: apic_id 4, version 32, address 0xfec00000, GSI 0-23
[    0.000000] ACPI: INT_SRC_OVR (bus 0 bus_irq 0 global_irq 2 dfl dfl)
[    0.000000] ACPI: INT_SRC_OVR (bus 0 bus_irq 9 global_irq 9 low level)
[    0.000000] Using ACPI (MADT) for SMP configuration information
[    0.000000] smpboot: Allowing 4 CPUs, 0 hotplug CPUs
[    0.000000] PM: Registered nosave memory: [mem 0x00000000-0x00000fff]
[    0.000000] PM: Registered nosave memory: [mem 0x0009f000-0x0009ffff]
[    0.000000] PM: Registered nosave memory: [mem 0x000a0000-0x000effff]
[    0.000000] PM: Registered nosave memory: [mem 0x000f0000-0x000fffff]
[    0.000000] PM: Registered nosave memory: [mem 0xdfff0000-0xdfffffff]
[    0.000000] PM: Registered nosave memory: [mem 0xe0000000-0xfebfffff]
[    0.000000] PM: Registered nosave memory: [mem 0xfec00000-0xfec00fff]
[    0.000000] PM: Registered nosave memory: [mem 0xfec01000-0xfedfffff]
[    0.000000] PM: Registered nosave memory: [mem 0xfee00000-0xfee00fff]
[    0.000000] PM: Registered nosave memory: [mem 0xfee01000-0xfffbffff]
[    0.000000] PM: Registered nosave memory: [mem 0xfffc0000-0xffffffff]
[    0.000000] e820: [mem 0xe0000000-0xfebfffff] available for PCI devices
[    0.000000] Booting paravirtualized kernel on KVM
[    0.000000] clocksource: refined-jiffies: mask: 0xffffffff max_cycles: 0xffffffff, max_idle_ns: 7645519600211568 ns
[    0.000000] random: get_random_bytes called from start_kernel+0x99/0x500 with crng_init=0
[    0.000000] setup_percpu: NR_CPUS:8192 nr_cpumask_bits:4 nr_cpu_ids:4 nr_node_ids:1
[    0.000000] percpu: Embedded 45 pages/cpu s147456 r8192 d28672 u524288
[    0.000000] PV qspinlock hash table entries: 256 (order: 0, 4096 bytes)
[    0.000000] Built 1 zonelists, mobility grouping on.  Total pages: 1032057
[    0.000000] Policy zone: Normal
[    0.000000] Kernel command line: BOOT_IMAGE=/boot/vmlinuz-4.15.0-166-generic root=LABEL=cloudimg-rootfs ro console=tty1 console=ttyS0
[    0.000000] Memory: 4012948K/4193848K available (12300K kernel code, 2483K rwdata, 4320K rodata, 2448K init, 2724K bss, 180900K reserved, 0K cma-reserved)
[    0.000000] SLUB: HWalign=64, Order=0-3, MinObjects=0, CPUs=4, Nodes=1
[    0.000000] Kernel/User page tables isolation: enabled
[    0.000000] ftrace: allocating 39491 entries in 155 pages
[    0.004000] Hierarchical RCU implementation.
[    0.004000] 	RCU restricting CPUs from NR_CPUS=8192 to nr_cpu_ids=4.
[    0.004000] 	Tasks RCU enabled.
[    0.004000] RCU: Adjusting geometry for rcu_fanout_leaf=16, nr_cpu_ids=4
[    0.004000] NR_IRQS: 524544, nr_irqs: 456, preallocated irqs: 16
[    0.004000] Console: colour VGA+ 80x25
[    0.004000] console [tty1] enabled
[    0.004000] console [ttyS0] enabled
[    0.004000] ACPI: Core revision 20170831
[    0.004000] ACPI: 2 ACPI AML tables successfully acquired and loaded
[    0.004000] APIC: Switch to symmetric I/O mode setup
[    0.004000] x2apic enabled
[    0.004000] Switched APIC routing to physical x2apic.
[    0.004000] ..TIMER: vector=0x30 apic1=0 pin1=2 apic2=-1 pin2=-1
[    0.004000] tsc: Detected 2419.196 MHz processor
[    0.004008] Calibrating delay loop (skipped) preset value.. 4838.39 BogoMIPS (lpj=9676784)
[    0.005026] pid_max: default: 32768 minimum: 301
[    0.005637] Security Framework initialized
[    0.006121] Yama: becoming mindful.
[    0.006554] AppArmor: AppArmor initialized
[    0.009837] Dentry cache hash table entries: 524288 (order: 10, 4194304 bytes)
[    0.012127] Inode-cache hash table entries: 262144 (order: 9, 2097152 bytes)
[    0.012966] Mount-cache hash table entries: 8192 (order: 4, 65536 bytes)
[    0.013722] Mountpoint-cache hash table entries: 8192 (order: 4, 65536 bytes)
[    0.016096] Last level iTLB entries: 4KB 0, 2MB 0, 4MB 0
[    0.016924] Last level dTLB entries: 4KB 0, 2MB 0, 4MB 0, 1GB 0
[    0.017752] Spectre V1 : Mitigation: usercopy/swapgs barriers and __user pointer sanitization
[    0.018755] Spectre V2 : Mitigation: Full generic retpoline
[    0.019392] Spectre V2 : Spectre v2 / SpectreRSB mitigation: Filling RSB on context switch
[    0.020001] Speculative Store Bypass: Vulnerable
[    0.020608] MDS: Vulnerable: Clear CPU buffers attempted, no microcode
[    0.021511] Freeing SMP alternatives memory: 36K
[    0.132075] smpboot: CPU0: 11th Gen Intel(R) Core(TM) i5-1135G7 @ 2.40GHz (family: 0x6, model: 0x8c, stepping: 0x1)
[    0.135340] Performance Events: unsupported p6 CPU model 140 no PMU driver, software events only.
[    0.136031] Hierarchical SRCU implementation.
[    0.137355] NMI watchdog: Perf event create on CPU 0 failed with -2
[    0.140001] NMI watchdog: Perf NMI watchdog permanently disabled
[    0.140871] smp: Bringing up secondary CPUs ...
[    0.143550] x86: Booting SMP configuration:
[    0.144002] .... node  #0, CPUs:      #1
[    0.004000] kvm-clock: cpu 1, msr 1:1ff50041, secondary cpu clock
[    0.148063]  #2
[    0.004000] kvm-clock: cpu 2, msr 1:1ff50081, secondary cpu clock
[    0.151055]  #3
[    0.004000] kvm-clock: cpu 3, msr 1:1ff500c1, secondary cpu clock
[    0.154998] smp: Brought up 1 node, 4 CPUs
[    0.154998] smpboot: Max logical packages: 1
[    0.156002] smpboot: Total of 4 processors activated (19353.56 BogoMIPS)
[    0.156980] devtmpfs: initialized
[    0.156980] x86/mm: Memory block size: 128MB
[    0.157318] evm: security.selinux
[    0.157779] evm: security.SMACK64
[    0.158247] evm: security.SMACK64EXEC
[    0.158740] evm: security.SMACK64TRANSMUTE
[    0.160003] evm: security.SMACK64MMAP
[    0.160592] evm: security.apparmor
[    0.161249] evm: security.ima
[    0.161661] evm: security.capability
[    0.162169] clocksource: jiffies: mask: 0xffffffff max_cycles: 0xffffffff, max_idle_ns: 7645041785100000 ns
[    0.162169] futex hash table entries: 1024 (order: 4, 65536 bytes)
[    0.164036] pinctrl core: initialized pinctrl subsystem
[    0.164757] RTC time: 15:07:47, date: 02/20/22
[    0.165495] NET: Registered protocol family 16
[    0.166139] audit: initializing netlink subsys (disabled)
[    0.166824] audit: type=2000 audit(1645369672.978:1): state=initialized audit_enabled=0 res=1
[    0.168004] cpuidle: using governor ladder
[    0.168526] cpuidle: using governor menu
[    0.169048] ACPI: bus type PCI registered
[    0.169579] acpiphp: ACPI Hot Plug PCI Controller Driver version: 0.5
[    0.170433] PCI: Using configuration type 1 for base access
[    0.172901] HugeTLB registered 2.00 MiB page size, pre-allocated 0 pages
[    0.176082] ACPI: Added _OSI(Module Device)
[    0.176990] ACPI: Added _OSI(Processor Device)
[    0.177548] ACPI: Added _OSI(3.0 _SCP Extensions)
[    0.178158] ACPI: Added _OSI(Processor Aggregator Device)
[    0.178823] ACPI: Added _OSI(Linux-Dell-Video)
[    0.180006] ACPI: Added _OSI(Linux-Lenovo-NV-HDMI-Audio)
[    0.180646] ACPI: Added _OSI(Linux-HPI-Hybrid-Graphics)
[    0.181497] ACPI: Executed 1 blocks of module-level executable AML code
[    0.185520] ACPI: Interpreter enabled
[    0.186034] ACPI: (supports S0 S5)
[    0.186482] ACPI: Using IOAPIC for interrupt routing
[    0.187356] PCI: Using host bridge windows from ACPI; if necessary, use "pci=nocrs" and report a bug
[    0.188191] ACPI: Enabled 2 GPEs in block 00 to 07
[    0.194390] ACPI: PCI Root Bridge [PCI0] (domain 0000 [bus 00-ff])
[    0.196006] acpi PNP0A03:00: _OSC: OS supports [ASPM ClockPM Segments MSI]
[    0.197354] acpi PNP0A03:00: _OSC: not requesting OS control; OS requires [ExtendedConfig ASPM ClockPM MSI]
[    0.198509] acpi PNP0A03:00: fail to add MMCONFIG information, can't access extended PCI configuration space under this bridge.
[    0.200187] PCI host bridge to bus 0000:00
[    0.200708] pci_bus 0000:00: root bus resource [io  0x0000-0x0cf7 window]
[    0.201504] pci_bus 0000:00: root bus resource [io  0x0d00-0xffff window]
[    0.202289] pci_bus 0000:00: root bus resource [mem 0x000a0000-0x000bffff window]
[    0.203205] pci_bus 0000:00: root bus resource [mem 0xe0000000-0xfdffffff window]
[    0.204006] pci_bus 0000:00: root bus resource [bus 00-ff]
[    0.206054] pci 0000:00:01.1: legacy IDE quirk: reg 0x10: [io  0x01f0-0x01f7]
[    0.206957] pci 0000:00:01.1: legacy IDE quirk: reg 0x14: [io  0x03f6]
[    0.207778] pci 0000:00:01.1: legacy IDE quirk: reg 0x18: [io  0x0170-0x0177]
[    0.208002] pci 0000:00:01.1: legacy IDE quirk: reg 0x1c: [io  0x0376]
[    0.253973] pci 0000:00:07.0: quirk: [io  0x4000-0x403f] claimed by PIIX4 ACPI
[    0.256014] pci 0000:00:07.0: quirk: [io  0x4100-0x410f] claimed by PIIX4 SMB
[    0.289771] ACPI: PCI Interrupt Link [LNKA] (IRQs 5 9 10 *11)
[    0.292271] ACPI: PCI Interrupt Link [LNKB] (IRQs 5 9 *10 11)
[    0.293463] ACPI: PCI Interrupt Link [LNKC] (IRQs 5 *9 10 11)
[    0.294873] ACPI: PCI Interrupt Link [LNKD] (IRQs 5 9 10 *11)
[    0.296045] SCSI subsystem initialized
[    0.296820] pci 0000:00:02.0: vgaarb: setting as boot VGA device
[    0.296905] pci 0000:00:02.0: vgaarb: VGA device added: decodes=io+mem,owns=io+mem,locks=none
[    0.297987] pci 0000:00:02.0: vgaarb: bridge control possible
[    0.298969] vgaarb: loaded
[    0.300026] ACPI: bus type USB registered
[    0.300518] usbcore: registered new interface driver usbfs
[    0.301161] usbcore: registered new interface driver hub
[    0.301789] usbcore: registered new device driver usb
[    0.302413] EDAC MC: Ver: 3.0.0
[    0.302413] PCI: Using ACPI for IRQ routing
[    0.302413] NetLabel: Initializing
[    0.304001] NetLabel:  domain hash size = 128
[    0.304517] NetLabel:  protocols = UNLABELED CIPSOv4 CALIPSO
[    0.305195] NetLabel:  unlabeled traffic allowed by default
[    0.305868] clocksource: Switched to clocksource kvm-clock
[    0.317393] VFS: Disk quotas dquot_6.6.0
[    0.317911] VFS: Dquot-cache hash table entries: 512 (order 0, 4096 bytes)
[    0.318712] AppArmor: AppArmor Filesystem Enabled
[    0.319350] pnp: PnP ACPI init
[    0.320665] pnp: PnP ACPI: found 3 devices
[    0.328974] clocksource: acpi_pm: mask: 0xffffff max_cycles: 0xffffff, max_idle_ns: 2085701024 ns
[    0.330321] NET: Registered protocol family 2
[    0.330917] IP idents hash table entries: 65536 (order: 7, 524288 bytes)
[    0.332058] TCP established hash table entries: 32768 (order: 6, 262144 bytes)
[    0.334713] TCP bind hash table entries: 32768 (order: 7, 524288 bytes)
[    0.335509] TCP: Hash tables configured (established 32768 bind 32768)
[    0.336348] UDP hash table entries: 2048 (order: 4, 65536 bytes)
[    0.337051] UDP-Lite hash table entries: 2048 (order: 4, 65536 bytes)
[    0.337792] NET: Registered protocol family 1
[    0.338314] pci 0000:00:00.0: Limiting direct PCI/PCI transfers
[    0.339025] pci 0000:00:01.0: Activating ISA DMA hang workarounds
[    0.339856] pci 0000:00:02.0: Video device with shadowed ROM at [mem 0x000c0000-0x000dffff]
[    0.341013] Unpacking initramfs...
[    0.659411] Freeing initrd memory: 19536K
[    0.660423] PCI-DMA: Using software bounce buffering for IO (SWIOTLB)
[    0.661254] software IO TLB: mapped [mem 0xd8a00000-0xdca00000] (64MB)
[    0.662062] clocksource: tsc: mask: 0xffffffffffffffff max_cycles: 0x22df0d21928, max_idle_ns: 440795225288 ns
[    0.663597] platform rtc_cmos: registered platform RTC device (no PNP device found)
[    0.664627] Scanning for low memory corruption every 60 seconds
[    0.665938] Initialise system trusted keyrings
[    0.666543] Key type blacklist registered
[    0.667192] workingset: timestamp_bits=36 max_order=20 bucket_order=0
[    0.668924] zbud: loaded
[    0.669825] squashfs: version 4.0 (2009/01/31) Phillip Lougher
[    0.670795] fuse init (API version 7.26)
[    0.674581] Key type asymmetric registered
[    0.675594] Asymmetric key parser 'x509' registered
[    0.676510] Block layer SCSI generic (bsg) driver version 0.4 loaded (major 246)
[    0.679431] io scheduler noop registered
[    0.680047] io scheduler deadline registered
[    0.680618] io scheduler cfq registered (default)
[    0.681594] ACPI: AC Adapter [AC] (off-line)
[    0.682219] input: Power Button as /devices/LNXSYSTM:00/LNXPWRBN:00/input/input0
[    0.683281] ACPI: Power Button [PWRF]
[    0.683820] input: Sleep Button as /devices/LNXSYSTM:00/LNXSLPBN:00/input/input1
[    0.684932] ACPI: Sleep Button [SLPF]
[    0.686468] ACPI: Battery Slot [BAT0] (battery present)
[    0.687551] Serial: 8250/16550 driver, 32 ports, IRQ sharing enabled
[    0.709157] 00:02: ttyS0 at I/O 0x3f8 (irq = 4, base_baud = 115200) is a 16550A
[    0.713052] Linux agpgart interface v0.103
[    0.715690] loop: module loaded
[    0.716770] scsi host0: ata_piix
[    0.717413] scsi host1: ata_piix
[    0.718047] ata1: PATA max UDMA/33 cmd 0x1f0 ctl 0x3f6 bmdma 0xd000 irq 14
[    0.718873] ata2: PATA max UDMA/33 cmd 0x170 ctl 0x376 bmdma 0xd008 irq 15
[    0.719789] libphy: Fixed MDIO Bus: probed
[    0.720428] tun: Universal TUN/TAP device driver, 1.6
[    0.721198] PPP generic driver version 2.4.2
[    0.721929] ehci_hcd: USB 2.0 'Enhanced' Host Controller (EHCI) Driver
[    0.722913] ehci-pci: EHCI PCI platform driver
[    0.723646] ehci-platform: EHCI generic platform driver
[    0.724330] ohci_hcd: USB 1.1 'Open' Host Controller (OHCI) Driver
[    0.725078] ohci-pci: OHCI PCI platform driver
[    0.725631] ohci-platform: OHCI generic platform driver
[    0.726310] uhci_hcd: USB Universal Host Controller Interface driver
[    0.727127] i8042: PNP: PS/2 Controller [PNP0303:PS2K,PNP0f03:PS2M] at 0x60,0x64 irq 1,12
[    0.728570] serio: i8042 KBD port at 0x60,0x64 irq 1
[    0.729234] serio: i8042 AUX port at 0x60,0x64 irq 12
[    0.729962] mousedev: PS/2 mouse device common for all mice
[    0.731092] input: AT Translated Set 2 keyboard as /devices/platform/i8042/serio0/input/input2
[    0.734391] rtc_cmos rtc_cmos: rtc core: registered rtc_cmos as rtc0
[    0.735286] rtc_cmos rtc_cmos: alarms up to one day, 114 bytes nvram
[    0.736134] i2c /dev entries driver
[    0.736666] device-mapper: uevent: version 1.0.3
[    0.737383] device-mapper: ioctl: 4.37.0-ioctl (2017-09-20) initialised: dm-devel@redhat.com
[    0.738556] ledtrig-cpu: registered to indicate activity on CPUs
[    0.739779] NET: Registered protocol family 10
[    0.744350] Segment Routing with IPv6
[    0.744962] NET: Registered protocol family 17
[    0.745570] Key type dns_resolver registered
[    0.746297] mce: Using 0 MCE banks
[    0.746997] RAS: Correctable Errors collector initialized.
[    0.747818] sched_clock: Marking stable (746279335, 0)->(1020256284, -273976949)
[    0.749432] registered taskstats version 1
[    0.750145] Loading compiled-in X.509 certificates
[    0.752751] Loaded X.509 cert 'Build time autogenerated kernel key: 408b96eb428cbe545a63e9a677d083d5c6df802b'
[    0.754544] Loaded X.509 cert 'Canonical Ltd. Live Patch Signing: 14df34d1a87cf37625abec039ef2bf521249b969'
[    0.756472] Loaded X.509 cert 'Canonical Ltd. Kernel Module Signing: 88f752e560a1e0737e31163a466ad7b70a850c19'
[    0.758090] blacklist: Loading compiled-in revocation X.509 certificates
[    0.758929] Loaded X.509 cert 'Canonical Ltd. Secure Boot Signing: 61482aa2830d0ab2ad5af10b7250da9033ddcef0'
[    0.760151] zswap: loaded using pool lzo/zbud
[    0.763373] Key type big_key registered
[    0.764174] Key type trusted registered
[    0.765950] Key type encrypted registered
[    0.766470] AppArmor: AppArmor sha1 policy hashing enabled
[    0.767129] ima: No TPM chip found, activating TPM-bypass! (rc=-19)
[    0.767876] ima: Allocated hash algorithm: sha1
[    0.768522] evm: HMAC attrs: 0x1
[    0.769140]   Magic number: 10:134:134
[    0.769662] pci 0000:00:03.0: hash matches
[    0.770383] rtc_cmos rtc_cmos: setting system clock to 2022-02-20 15:07:48 UTC (1645369668)
[    0.771985] BIOS EDD facility v0.16 2004-Jun-25, 0 devices found
[    0.772759] EDD information not available.
[    0.883865] Freeing unused kernel image memory: 2448K
[    0.896208] Write protecting the kernel read-only data: 20480k
[    0.899075] Freeing unused kernel image memory: 2008K
[    0.901088] Freeing unused kernel image memory: 1824K
[    0.909697] x86/mm: Checked W+X mappings: passed, no W+X pages found.
[    0.910928] x86/mm: Checking user space page tables
[    0.919362] x86/mm: Checked W+X mappings: passed, no W+X pages found.
Loading, please wait...
starting version 237
[    0.980786] e1000: Intel(R) PRO/1000 Network Driver - version 7.3.21-k8-NAPI
[    0.982504] e1000: Copyright (c) 1999-2006 Intel Corporation.
[    0.984865] Fusion MPT base driver 3.04.20
[    0.987989] Copyright (c) 1999-2008 LSI Corporation
[    0.994507] Fusion MPT SPI Host driver 3.04.20
[    1.000608] AVX2 version of gcm_enc/dec engaged.
[    1.001392] AES CTR mode by8 optimization enabled
[    1.193664] input: ImExPS/2 Generic Explorer Mouse as /devices/platform/i8042/serio1/input/input4
[    1.345415] e1000 0000:00:03.0 eth0: (PCI:33MHz:32-bit) 02:8d:1f:db:13:bf
[    1.347460] e1000 0000:00:03.0 eth0: Intel(R) PRO/1000 Network Connection
[    2.712667] e1000 0000:00:08.0 eth1: (PCI:33MHz:32-bit) 08:00:27:99:6b:5f
[    2.713915] e1000 0000:00:08.0 eth1: Intel(R) PRO/1000 Network Connection
[    2.716515] e1000 0000:00:08.0 enp0s8: renamed from eth1
[    2.717795] mptbase: ioc0: Initiating bringup
[    2.740880] e1000 0000:00:03.0 enp0s3: renamed from eth0
[    3.666688] ioc0: LSI53C1030 A0: Capabilities={Initiator}
[    4.606255] scsi host2: ioc0: LSI53C1030 A0, FwRev=00000000h, Ports=1, MaxQ=256, IRQ=20
[    5.659866] scsi 2:0:0:0: Direct-Access     VBOX     HARDDISK         1.0  PQ: 0 ANSI: 5
[    6.290271] scsi target2:0:0: Beginning Domain Validation
[    6.296295] scsi target2:0:0: Domain Validation skipping write tests
[    6.298130] scsi target2:0:0: Ending Domain Validation
[    6.299628] scsi target2:0:0: asynchronous
[    6.301288] scsi 2:0:1:0: Direct-Access     VBOX     HARDDISK         1.0  PQ: 0 ANSI: 5
[    6.684516] scsi target2:0:1: Beginning Domain Validation
[    6.690025] random: fast init done
[    6.691675] scsi target2:0:1: Domain Validation skipping write tests
[    6.693573] scsi target2:0:1: Ending Domain Validation
[    6.694448] scsi target2:0:1: asynchronous
[    6.699315] random: systemd-udevd: uninitialized urandom read (16 bytes read)
[    6.699376] sd 2:0:0:0: Attached scsi generic sg0 type 0
[    6.700655] random: systemd-udevd: uninitialized urandom read (16 bytes read)
[    6.701779] sd 2:0:0:0: [sda] 209715200 512-byte logical blocks: (107 GB/100 GiB)
[    6.701798] sd 2:0:1:0: Attached scsi generic sg1 type 0
[    6.702066] sd 2:0:1:0: [sdb] 20480 512-byte logical blocks: (10.5 MB/10.0 MiB)
[    6.702093] sd 2:0:1:0: [sdb] Write Protect is off
[    6.702181] sd 2:0:1:0: [sdb] Incomplete mode parameter data
[    6.702182] sd 2:0:1:0: [sdb] Assuming drive cache: write through
[    6.703042] random: systemd-udevd: uninitialized urandom read (16 bytes read)
[    6.704542] sd 2:0:0:0: [sda] Write Protect is off
[    6.711740] sd 2:0:0:0: [sda] Incomplete mode parameter data
[    6.712727] sd 2:0:0:0: [sda] Assuming drive cache: write through
[    6.713716] sd 2:0:1:0: [sdb] Attached SCSI disk
[    6.715848]  sda: sda1
[    6.717162] sd 2:0:0:0: [sda] Attached SCSI disk
Begin: Loading essential drivers ... [    9.164220] raid6: sse2x1   gen()  9959 MB/s
[    9.212042] raid6: sse2x1   xor()  4493 MB/s
[    9.260099] raid6: sse2x2   gen() 11661 MB/s
[    9.308021] raid6: sse2x2   xor()  8792 MB/s
[    9.356167] raid6: sse2x4   gen() 18437 MB/s
[    9.404124] raid6: sse2x4   xor() 10329 MB/s
[    9.452051] raid6: avx2x1   gen() 24838 MB/s
[    9.500117] raid6: avx2x1   xor() 12619 MB/s
[    9.548081] raid6: avx2x2   gen() 25924 MB/s
[    9.596021] raid6: avx2x2   xor() 17223 MB/s
[    9.644018] raid6: avx2x4   gen() 32400 MB/s
[    9.692131] raid6: avx2x4   xor() 14557 MB/s
[    9.692863] raid6: using algorithm avx2x4 gen() 32400 MB/s
[    9.693591] raid6: .... xor() 14557 MB/s, rmw enabled
[    9.694583] raid6: using avx2x2 recovery algorithm
[    9.696318] xor: automatically using best checksumming function   avx       
[    9.698246] async_tx: api initialized (async)
done.
Begin: Running /scripts/init-premount ... done.
Begin: Mounting root file system ... Begin: Running /scripts/local-top ... done.
Begin: Running /scripts/local-premount ... [   10.250270] Btrfs loaded, crc32c=crc32c-intel
Scanning for Btrfs filesystems
done.
Warning: fsck not present, so skipping root file system
[   10.300444] EXT4-fs (sda1): mounted filesystem with ordered data mode. Opts: (null)
done.
Begin: Running /scripts/local-bottom ... done.
Begin: Running /scripts/init-bottom ... done.
[   10.435185] ip_tables: (C) 2000-2006 Netfilter Core Team
[   10.441921] systemd[1]: systemd 237 running in system mode. (+PAM +AUDIT +SELINUX +IMA +APPARMOR +SMACK +SYSVINIT +UTMP +LIBCRYPTSETUP +GCRYPT +GNUTLS +ACL +XZ +LZ4 +SECCOMP +BLKID +ELFUTILS +KMOD -IDN2 +IDN -PCRE2 default-hierarchy=hybrid)
[   10.444571] systemd[1]: Detected virtualization oracle.
[   10.445255] systemd[1]: Detected architecture x86-64.

Welcome to [1mUbuntu 18.04.6 LTS[0m!

[   10.468597] systemd[1]: Set hostname to <ubuntu>.
[   10.473083] systemd[1]: Initializing machine ID from random generator.
[   10.474230] systemd[1]: Installed transient /etc/machine-id file.
[   10.804948] systemd[1]: Reached target System Time Synchronized.
[[0;32m  OK  [0m] Reached target System Time Synchronized.
[   10.810280] systemd[1]: Created slice User and Session Slice.
[[0;32m  OK  [0m] Created slice User and Session Slice.
[   10.812215] systemd[1]: Created slice System Slice.
[[0;32m  OK  [0m] Created slice System Slice.
[   10.813336] systemd[1]: Listening on udev Kernel Socket.
[[0;32m  OK  [0m] Listening on udev Kernel Socket.
[[0;32m  OK  [0m] Listening on LVM2 poll daemon socket.
[[0;32m  OK  [0m] Listening on /dev/initctl Compatibility Named Pipe.
[[0;32m  OK  [0m] Listening on Journal Socket (/dev/log).
[[0;32m  OK  [0m] Listening on fsck to fsckd communication Socket.
[[0;32m  OK  [0m] Reached target Slices.
[[0;32m  OK  [0m] Listening on Journal Audit Socket.
[[0;32m  OK  [0m] Listening on Journal Socket.
         Starting Uncomplicated firewall...
         Starting Set the console keyboard layout...
         Mounting Huge Pages File System...
         Starting File System Check on Root Device...
         Mounting Kernel Debug File System...
         Starting Load Kernel Modules...
[[0;32m  OK  [0m] Reached target User and Group Name Lookups.
[[0;32m  OK  [0m] Listening on Syslog Socket.
[[0;32m  OK  [0m] Started Forward Password Requests to Wall Directory Watch.
[   10.895906] Loading iSCSI transport class v2.0-870.
[[0;32m  OK  [0m] Reached target Swap.
         Starting Create list of required stâ€¦ce nodes for the current kernel...
[   10.907702] iscsi: registered transport (tcp)
         Starting Journal Service...
[[0;32m  OK  [0m] Listening on Device-mapper event daemon FIFOs.
[[0;32m  OK  [0m] Set up automount Arbitrary Executabâ€¦rmats File System Automount Point.
[[0;32m  OK  [0m] Created slice system-serial\x2dgetty.slice.
         Mounting POSIX Message Queue File System...
[   11.484471] iscsi: registered transport (iser)
[[0;32m  OK  [0m] Listening on Network Service Netlink Socket.
[[0;32m  OK  [0m] Listening on LVM2 metadata daemon socket.
         Starting Monitoring of LVM2 mirrorsâ€¦ng dmeventd or progress polling...
[[0;32m  OK  [0m] Listening on udev Control Socket.
         Starting udev Coldplug all Devices...
[[0;32m  OK  [0m] Started Journal Service.
[[0;32m  OK  [0m] Started Uncomplicated firewall.
[[0;32m  OK  [0m] Mounted Huge Pages File System.
[[0;32m  OK  [0m] Started File System Check on Root Device.
[[0;32m  OK  [0m] Mounted Kernel Debug File System.
[[0;32m  OK  [0m] Started Load Kernel Modules.
[[0;32m  OK  [0m] Started Create list of required staâ€¦vice nodes for the current kernel.
[[0;32m  OK  [0m] Mounted POSIX Message Queue File System.
[[0;32m  OK  [0m] Started File System Check Daemon to report status.
         Starting Create Static Device Nodes in /dev...
         Mounting Kernel Configuration File System...
         Starting Apply Kernel Variables...
         Mounting FUSE Control File System...
         Starting Remount Root and Kernel File Systems...
[[0;32m  OK  [0m] Mounted Kernel Configuration File System.
[[0;32m  OK  [0m] Mounted FUSE Control File System.
[[0;32m  OK  [0m] Started LVM2 metadata daemon.
[[0;32m  OK  [0m] Started Create Static Device Nodes in /dev.
[[0;32m  OK  [0m] Started udev Coldplug all Devices.
[[0;32m  OK  [0m] Started Apply Kernel Variables.
[[0;32m  OK  [0m] Started Remount Root and Kernel File Systems.
         Starting Flush Journal to Persistent Storage...
         Starting udev Kernel Device Manager...
         Starting Load/Save Random Seed...
[[0;32m  OK  [0m] Started Load/Save Random Seed.
[[0;32m  OK  [0m] Started udev Kernel Device Manager.
[[0;32m  OK  [0m] Started Monitoring of LVM2 mirrors,â€¦sing dmeventd or progress polling.
[[0;32m  OK  [0m] Started Flush Journal to Persistent Storage.
[[0;32m  OK  [0m] Found device /dev/ttyS0.
[[0;32m  OK  [0m] Listening on Load/Save RF Kill Switch Status /dev/rfkill Watch.
[[0;32m  OK  [0m] Started Set the console keyboard layout.
[[0;32m  OK  [0m] Started Dispatch Password Requests to Console Directory Watch.
[[0;32m  OK  [0m] Reached target Local Encrypted Volumes.
[[0;32m  OK  [0m] Reached target Local File Systems (Pre).
[[0;32m  OK  [0m] Reached target Local File Systems.
         Starting ebtables ruleset management...
         Starting AppArmor initialization...
         Starting Set console font and keymap...
         Starting Commit a transient machine-id on disk...
         Starting Create Volatile Files and Directories...
         Starting Tell Plymouth To Write Out Runtime Data...
[[0;32m  OK  [0m] Started Tell Plymouth To Write Out Runtime Data.
[[0;32m  OK  [0m] Started Create Volatile Files and Directories.
         Starting Update UTMP about System Boot/Shutdown...
[[0;32m  OK  [0m] Started Update UTMP about System Boot/Shutdown.
[[0;32m  OK  [0m] Started Commit a transient machine-id on disk.
[[0;32m  OK  [0m] Started ebtables ruleset management.
[[0;32m  OK  [0m] Started AppArmor initialization.
         Starting Load AppArmor profiles managed internally by snapd...
         Starting Initial cloud-init job (pre-networking)...
[[0;32m  OK  [0m] Started Load AppArmor profiles managed internally by snapd.
[[0;32m  OK  [0m] Started Set console font and keymap.
[   14.317603] cloud-init[754]: Cloud-init v. 21.4-0ubuntu1~18.04.1 running 'init-local' at Sun, 20 Feb 2022 15:08:01 +0000. Up 14.00 seconds.
[[0;32m  OK  [0m] Started Initial cloud-init job (pre-networking).
[[0;32m  OK  [0m] Reached target Network (Pre).
         Starting Network Service...
[[0;32m  OK  [0m] Started Network Service.
         Starting Network Name Resolution...
         Starting Wait for Network to be Configured...
[[0;32m  OK  [0m] Started Network Name Resolution.
[[0;32m  OK  [0m] Reached target Host and Network Name Lookups.
[[0;32m  OK  [0m] Reached target Network.
[[0;32m  OK  [0m] Started Wait for Network to be Configured.
         Starting Initial cloud-init job (metadata service crawler)...
[   16.420707] cloud-init[1062]: Cloud-init v. 21.4-0ubuntu1~18.04.1 running 'init' at Sun, 20 Feb 2022 15:08:04 +0000. Up 16.29 seconds.
[   16.432820] cloud-init[1062]: ci-info: ++++++++++++++++++++++++++++++++++++++Net device info+++++++++++++++++++++++++++++++++++++++
[   16.444545] cloud-init[1062]: ci-info: +--------+-------+----------------------------+---------------+--------+-------------------+
[   16.456522] cloud-init[1062]: ci-info: | Device |   Up  |          Address           |      Mask     | Scope  |     Hw-Address    |
[   16.458087] cloud-init[1062]: ci-info: +--------+-------+----------------------------+---------------+--------+-------------------+
[   16.459562] cloud-init[1062]: ci-info: | enp0s3 |  True |         10.0.2.15          | 255.255.255.0 | global | 02:8d:1f:db:13:bf |
[   16.472235] cloud-init[1062]: ci-info: | enp0s3 |  True | fe80::8d:1fff:fedb:13bf/64 |       .       |  link  | 02:8d:1f:db:13:bf |
[   16.484566] cloud-init[1062]: ci-info: | enp0s8 | False |             .              |       .       |   .    | 08:00:27:99:6b:5f |
[   16.496513] cloud-init[1062]: ci-info: |   lo   |  True |         127.0.0.1          |   255.0.0.0   |  host  |         .         |
[   16.508427] cloud-init[1062]: ci-info: |   lo   |  True |          ::1/128           |       .       |  host  |         .         |
[   16.520540] cloud-init[1062]: ci-info: +--------+-------+----------------------------+---------------+--------+-------------------+
[   16.532391] cloud-init[1062]: ci-info: ++++++++++++++++++++++++++++Route IPv4 info+++++++++++++++++++++++++++++
[   16.544557] cloud-init[1062]: ci-info: +-------+-------------+----------+-----------------+-----------+-------+
[   16.556401] cloud-init[1062]: ci-info: | Route | Destination | Gateway  |     Genmask     | Interface | Flags |
[   16.578144] cloud-init[1062]: ci-info: +-------+-------------+----------+-----------------+-----------+-------+
[   16.579748] cloud-init[1062]: ci-info: |   0   |   0.0.0.0   | 10.0.2.2 |     0.0.0.0     |   enp0s3  |   UG  |
[   16.594842] cloud-init[1062]: ci-info: |   1   |   10.0.2.0  | 0.0.0.0  |  255.255.255.0  |   enp0s3  |   U   |
[   16.595987] cloud-init[1062]: ci-info: |   2   |   10.0.2.2  | 0.0.0.0  | 255.255.255.255 |   enp0s3  |   UH  |
[   16.597136] cloud-init[1062]: ci-info: +-------+-------------+----------+-----------------+-----------+-------+
[   16.598201] cloud-init[1062]: ci-info: +++++++++++++++++++Route IPv6 info+++++++++++++++++++
[   16.599100] cloud-init[1062]: ci-info: +-------+-------------+---------+-----------+-------+
[   16.599966] cloud-init[1062]: ci-info: | Route | Destination | Gateway | Interface | Flags |
[   16.600765] cloud-init[1062]: ci-info: +-------+-------------+---------+-----------+-------+
[   16.612322] cloud-init[1062]: ci-info: |   1   |  fe80::/64  |    ::   |   enp0s3  |   U   |
[   16.613220] cloud-init[1062]: ci-info: |   3   |    local    |    ::   |   enp0s3  |   U   |
[   16.614023] cloud-init[1062]: ci-info: |   4   |   ff00::/8  |    ::   |   enp0s3  |   U   |
[   16.614898] cloud-init[1062]: ci-info: +-------+-------------+---------+-----------+-------+
[   18.201609] cloud-init[1062]: Generating public/private rsa key pair.
[   18.202616] cloud-init[1062]: Your identification has been saved in /etc/ssh/ssh_host_rsa_key.
[   18.203678] cloud-init[1062]: Your public key has been saved in /etc/ssh/ssh_host_rsa_key.pub.
[   18.216378] cloud-init[1062]: The key fingerprint is:
[   18.216979] cloud-init[1062]: SHA256:Kk1WRaS25UI8XuXnzWAsrvScof5ztXEg3R4CRRcIXtU root@ubuntu-bionic
[   18.228501] cloud-init[1062]: The key's randomart image is:
[[0;32m  OK  [0m] Started Initial cloud-init job (metadata service crawler).
[   18.286067] cloud-init[1062]: +---[RSA 2048]----+
[   18.301462] [cloud-init[0;32m  OK  [0m] [1062]: Reached target Cloud-config availability.|         o+.=+o+o|

[[0;32m  OK  [0m] Reached target Network is Online.
[   18.320831] cloud-init[1062]: |       . o.+.o. E|
[   18.348204] cloud-init[1062]: |        B o.+.=. |
[   18.348974] cloud-init[1062]: |       = * ..*o=.|
[   18.349492] cloud-init[1062]: |      o S o o.oo+|
         Starting Availability of block devices...
[   18.360650] cloud-init[1062]: |     + . o = o .+|
[[0;32m  OK  [0m] Reached target Remote File Systems (Pre).
[   18.372616] cloud-init[1062]: |    . o   o +  .+|
[[0;32m  OK  [0m] Reached target Remote File Systems.
[   18.385167] cloud-init[1062]: |     .   .  . .. |
[   18.451679] [cloud-init[0;32m  OK  [0m[1062]: ] |          ...o   |Reached target System Initialization.

[   18.451793] cloud-init[1062]: +----[SHA256]-----+
[[0;32m  OK  [0m] Started Daily Cleanup of Temporary Directories.
[   18.467212] cloud-init[1062]: Generating public/private dsa key pair.
[[0;32m  OK  [0m] Listening on cloud-init hotplug hook socket.
[   18.484094] cloud-init[1062]: Your identification has been saved in /etc/ssh/ssh_host_dsa_key.
[   18.510730] cloud-init[1062]: Your public key has been saved in /etc/ssh/ssh_host_dsa_key.pub.
         Starting Socket activation for snappy daemon.
[   18.513149] cloud-init[1062]: The key fingerprint is:
[[0;32m  OK  [0m] Listening on Open-iSCSI iscsid Socket.
[   18.525433] cloud-init[1062]: SHA256:zyGXDr1pyuXShUB/XfW1OI40g6B8zTiYMJJ7JGIvFEU root@ubuntu-bionic
[[0;32m  OK  [0m] Started Ubuntu Advantage Timer for running repeated jobs.
[   18.538125] cloud-init[1062]: The key's randomart image is:
[[0;32m  OK  [0m] Started Daily apt download activities.
[   18.549956] cloud-init[1062]: +---[DSA 1024]----+
[[0;32m  OK  [0m] Started Daily apt upgrade and clean activities.
[   18.577297] cloud-init[1062]: | o=E   .        +|
[[0;32m  OK  [0m] Started Discard unused blocks once a week.
[   18.600627] cloud-init[1062]: |.=..+ + * .   . =|
[[0;32m  OK  [0m] Listening on ACPID Listen Socket.
[   18.601674] cloud-init[1062]: |+ =  = = = + + o.|
[[0;32m  OK  [0m] Listening on D-Bus System Message Bus Socket.
[   18.613437] cloud-init[1062]: | o o  . o.o.* o  |
[[0;32m  OK  [0m] Started Message of the Day.
[   18.615409] cloud-init[1062]: |  o     S.=+ .   |
[[0;32m  OK  [0m] Reached target Timers.
[   18.616415] cloud-init[1062]: |         B.+.    |
         Starting LXD - unix socket.
[   18.632458] cloud-init[1062]: |         .O.     |
[[0;32m  OK  [0m] Listening on UUID daemon activation socket.
[   18.633167] cloud-init[1062]: |       ..=.      |
[   18.634077] cloud-init[1062]: |        o..      |
[[0;32m  OK  [0m] Started ACPI Events Check.
[   18.645150] cloud-init[1062]: +----[SHA256]-----+
[[0;32m  OK  [0m] Started Trigger to poll for Ubuntu â€¦(Only enabled on GCP LTS non-pro).
[[0;32m  OK  [0m] [   18.646036] Reached target Paths.cloud-init
[1062]: Generating public/private ecdsa key pair.
[[0;32m  OK  [0m] Started Availability of block devices.
[   18.647666] cloud-init[1062]: Your identification has been saved in /etc/ssh/ssh_host_ecdsa_key.
[[0;32m  OK  [0m] Listening on Socket activation for snappy daemon.
[   18.649338] cloud-init[1062]: Your public key has been saved in /etc/ssh/ssh_host_ecdsa_key.pub.
[[0;32m  OK  [0m] Listening on LXD - unix socket.
[   18.650871] cloud-init[1062]: The key fingerprint is:
[[0;32m  OK  [0m] Reached target Sockets.
[   18.651870] cloud-init[1062]: SHA256:5NaXzaxyHvhZmyi+1JPTmEJiL49y+qqDxWuD/iSfWvA root@ubuntu-bionic
[[0;32m  OK  [0m] Reached target Basic System.
[   18.665400] cloud-init[1062]: The key's randomart image is:
[   18.666443] cloud-init[1062]: +---[ECDSA 256]---+
[   18.667035] [cloud-init[0;32m  OK  [0m[1062]: ] |                 |Started FUSE filesystem for LXC.

[   18.667856] cloud-init[1062]: |                 |
         Starting Accounts Service...
[   18.667935] cloud-init[1062]: |        .        |
[   18.669667] cloud-init[1062]: |       o .   =   |
[   18.670220] cloud-init[1062]: |  ..    S o o +  |
[   18.670772] cloud-init[1062]: |   oo  o + + *   |
[   18.671447] cloud-init[1062]: |  .+E.  . * @ o  |
[   18.680305] cloud-init[1062]: |  o==.. .=.* B o |
[   18.680828] cloud-init[1062]: | .o+=+o*o.+o= o  |
[   18.681414] cloud-init[1062]: +----[SHA256]-----+
[   18.681952] cloud-init[1062]: Generating public/private ed25519 key pair.
[   18.682612] cloud-init[1062]: Your identification has been saved in /etc/ssh/ssh_host_ed25519_key.
[   18.683423] cloud-init[1062]: Your public key has been saved in /etc/ssh/ssh_host_ed25519_key.pub.
[   18.684194] cloud-init[1062]: The key fingerprint is:
[   18.684666] cloud-init[1062]: SHA256:/BktIVRs9ZNMImW/KA1/q6Ipjrzu513pIQ+R7ZVTeDg root@ubuntu-bionic
[   18.685416] cloud-init[1062]: The key's randomart image is:
[   18.685945] cloud-init[1062]: +--[ED25519 256]--+
[   18.686404] cloud-init[1062]: |        .ooo= .  |
[   18.686868] cloud-init[1062]: |       .  oo O . |
[   18.687371] cloud-init[1062]: |        ..o E O  |
[   18.687809] cloud-init[1062]: |       . + * * o |
[   18.688333] cloud-init[1062]: |        S = O o  |
[[0;32m  OK  [0m] Started Regular background program processing daemon.
[   18.700370] cloud-init[1062]: |         + B o . |
[   18.701543] cloud-init[1062]: |        o B   .  |
         Starting LSB: automatic crash report generation...
[   18.702402] cloud-init[1062]: |   . .o. B.. .   |
         Starting System Logging Service...
[   18.713313] cloud-init[1062]: |   o*=o.+.o..    |
[   18.714036] cloud-init[1062]: +----[SHA256]-----+
[[0;32m  OK  [0m] Started Deferred execution scheduler.
         Starting Permit User Sessions...
         Starting Login Service...
         Starting LSB: Record successful boot for GRUB...
[[0;32m  OK  [0m] Started irqbalance daemon.
         Starting LXD - container startup/shutdown...
         Starting Pollinate to seed the pseudo random number generator...
         Starting Dispatcher daemon for systemd-networkd...
         Starting Snap Daemon...
[[0;32m  OK  [0m] Started D-Bus System Message Bus.
         Starting Virtualbox guest utils...
[[0;32m  OK  [0m] Started System Logging Service.
[[0;32m  OK  [0m] Started Permit User Sessions.
[[0;32m  OK  [0m] Started LXD - container startup/shutdown.
[[0;32m  OK  [0m] Started Login Service.
[[0;32m  OK  [0m] Started Unattended Upgrades Shutdown.
         Starting Hold until boot process finishes up...
         Starting Terminate Plymouth Boot Screen...
[[0;32m  OK  [0m] Started Hold until boot process finishes up.
[[0;32m  OK  [0m] Started Serial Getty on ttyS0.
         Starting Set console scheme...
[[0;32m  OK  [0m] Started Terminate Plymouth Boot Screen.
[[0;32m  OK  [0m] Started LSB: automatic crash report generation.
[[0;32m  OK  [0m] Started Set console scheme.
[[0;32m  OK  [0m] Created slice system-getty.slice.
[[0;32m  OK  [0m] Started Getty on tty1.
[[0;32m  OK  [0m] Reached target Login Prompts.
         Starting Authorization Manager...
[[0;32m  OK  [0m] Started Authorization Manager.
[[0;32m  OK  [0m] Started Accounts Service.
[[0;32m  OK  [0m] Started LSB: Record successful boot for GRUB.
[[0;32m  OK  [0m] Started Virtualbox guest utils.
[[0;32m  OK  [0m] Started Dispatcher daemon for systemd-networkd.
[[0;32m  OK  [0m] Started Snap Daemon.
         Starting Wait until snapd is fully seeded...
[[0;32m  OK  [0m] Started Pollinate to seed the pseudo random number generator.
         Starting OpenBSD Secure Shell server...
[[0;32m  OK  [0m] Started OpenBSD Secure Shell server.

Ubuntu 18.04.6 LTS ubuntu-bionic ttyS0

ubuntu-bionic login: [   27.901286] cloud-init[1891]: Cloud-init v. 21.4-0ubuntu1~18.04.1 running 'modules:config' at Sun, 20 Feb 2022 15:08:15 +0000. Up 27.53 seconds.
ci-info: no authorized SSH keys fingerprints found for user ubuntu.
<14>Feb 20 15:08:16 cloud-init: #############################################################
<14>Feb 20 15:08:16 cloud-init: -----BEGIN SSH HOST KEY FINGERPRINTS-----
<14>Feb 20 15:08:16 cloud-init: 1024 SHA256:zyGXDr1pyuXShUB/XfW1OI40g6B8zTiYMJJ7JGIvFEU root@ubuntu-bionic (DSA)
<14>Feb 20 15:08:16 cloud-init: 256 SHA256:5NaXzaxyHvhZmyi+1JPTmEJiL49y+qqDxWuD/iSfWvA root@ubuntu-bionic (ECDSA)
<14>Feb 20 15:08:16 cloud-init: 256 SHA256:/BktIVRs9ZNMImW/KA1/q6Ipjrzu513pIQ+R7ZVTeDg root@ubuntu-bionic (ED25519)
<14>Feb 20 15:08:16 cloud-init: 2048 SHA256:Kk1WRaS25UI8XuXnzWAsrvScof5ztXEg3R4CRRcIXtU root@ubuntu-bionic (RSA)
<14>Feb 20 15:08:16 cloud-init: -----END SSH HOST KEY FINGERPRINTS-----
<14>Feb 20 15:08:16 cloud-init: #############################################################
-----BEGIN SSH HOST KEY KEYS-----
ecdsa-sha2-nistp256 AAAAE2VjZHNhLXNoYTItbmlzdHAyNTYAAAAIbmlzdHAyNTYAAABBBPdKmEdqlPN4cCQD8u7CQ89GNHKDmuXYm/pbSvHVTjbBIieCCmKXwjhRAiLVuCzIya/ju152rR1NUwLyQg0StyA= root@ubuntu-bionic
ssh-ed25519 AAAAC3NzaC1lZDI1NTE5AAAAIB6qo63qAUWIOdpFvK9UZQZ962bK4FjwVKYEkzNI34h5 root@ubuntu-bionic
ssh-rsa AAAAB3NzaC1yc2EAAAADAQABAAABAQChMzRaXniwF4LGj3up7E/DwNRwzgOXq3o+uCcdCKgvIHnn4ynamxI5HLkfZ2kLkouNj+J4EdfzApGuJ6BE0CAghFS5id15Misb0/+Z2Lo+MrAeDnwHx0ZfxMPPRHq/8yHuL9dOj6eVGtbsLRDpgHLJRkymuMhU0OY+wJdP/JNVmRe5vLImcxYENo86E8M/T6mGjIhLakisPoUS9Lktt6bXHmWQc0khaw23nMPvSaAAQ/+AOB5k6Ds1Jbz+gQPL0GJtEs9Dp8VQCOzKkg4BOGQ3m5h9Ib9U4CKZgN+XpON3Ydb7pZOQ5p682031wL5AlwcpV7ccHPnl06yyWwrrbaan root@ubuntu-bionic
-----END SSH HOST KEY KEYS-----
[   28.479434] cloud-init[1990]: Cloud-init v. 21.4-0ubuntu1~18.04.1 running 'modules:final' at Sun, 20 Feb 2022 15:08:16 +0000. Up 28.33 seconds.
[   28.480190] cloud-init[1990]: ci-info: no authorized SSH keys fingerprints found for user ubuntu.
[   28.480704] cloud-init[1990]: Cloud-init v. 21.4-0ubuntu1~18.04.1 finished at Sun, 20 Feb 2022 15:08:16 +0000. Datasource DataSourceNoCloud [seed=/dev/sdb][dsmode=net].  Up 28.47 seconds
